2026-09-15 20:14:41,586 INFO Parsing model identifier. Schema: None, Identifier: ViT-B-16
2026-09-15 20:14:41,586 INFO Loaded built-in ViT-B-16 model config.
2026-09-15 20:14:41,586 INFO `pretrained` specifies file path: /Users/von/Projects/cci-local-recovery/rerun_workspace/model_weights/ViT-B-16.pt
2026-09-15 20:14:41,586 INFO Instantiating model architecture: CLIP
2026-09-15 20:14:42,320 INFO Loading full pretrained weights from: /Users/von/Projects/cci-local-recovery/rerun_workspace/model_weights/ViT-B-16.pt
2026-09-15 20:14:42,512 INFO Final image preprocessing configuration set: {'size': (224, 224), 'mode': 'RGB', 'mean': (0.48145466, 0.4578275, 0.40821073), 'std': (0.26862954, 0.26130258, 0.27577711), 'interpolation': 'bicubic', 'resize_mode': 'shortest', 'fill_color': 0}
2026-09-15 20:14:42,512 INFO Model ViT-B-16 creation process complete.
2026-09-15 20:14:42,512 INFO Parsing tokenizer identifier. Schema: None, Identifier: ViT-B-16
2026-09-15 20:14:42,512 INFO Attempting to load config from built-in: ViT-B-16
2026-09-15 20:14:42,512 INFO Using default SimpleTokenizer.
2026-09-15 20:14:46,355 INFO completed=8 new=8 elapsed_s=1.173 images_per_s=6.817428 device=mps
2026-09-15 20:14:56,638 INFO completed=88 new=88 elapsed_s=11.457 images_per_s=7.680920 device=mps
2026-09-15 20:15:06,939 INFO completed=168 new=168 elapsed_s=21.758 images_per_s=7.721317 device=mps
2026-09-15 20:15:17,276 INFO completed=248 new=248 elapsed_s=32.094 images_per_s=7.727310 device=mps
2026-09-15 20:15:27,620 INFO completed=328 new=328 elapsed_s=42.438 images_per_s=7.728855 device=mps
2026-09-15 20:15:37,965 INFO completed=408 new=408 elapsed_s=52.784 images_per_s=7.729644 device=mps
2026-09-15 20:15:48,311 INFO completed=488 new=488 elapsed_s=63.129 images_per_s=7.730175 device=mps
2026-09-15 20:15:58,664 INFO completed=568 new=568 elapsed_s=73.483 images_per_s=7.729706 device=mps
2026-09-15 20:16:09,105 INFO completed=648 new=648 elapsed_s=83.923 images_per_s=7.721331 device=mps
2026-09-15 20:16:19,605 INFO completed=728 new=728 elapsed_s=94.423 images_per_s=7.710008 device=mps
2026-09-15 20:16:30,109 INFO completed=808 new=808 elapsed_s=104.928 images_per_s=7.700543 device=mps
2026-09-15 20:16:40,607 INFO completed=888 new=888 elapsed_s=115.425 images_per_s=7.693304 device=mps
2026-09-15 20:16:51,074 INFO completed=968 new=968 elapsed_s=125.892 images_per_s=7.689106 device=mps
2026-09-15 20:17:01,504 INFO completed=1048 new=1048 elapsed_s=136.322 images_per_s=7.687660 device=mps
2026-09-15 20:17:11,910 INFO completed=1128 new=1128 elapsed_s=146.728 images_per_s=7.687704 device=mps
2026-09-15 20:17:22,299 INFO completed=1208 new=1208 elapsed_s=157.116 images_per_s=7.688597 device=mps
2026-09-15 20:17:32,660 INFO completed=1288 new=1288 elapsed_s=167.476 images_per_s=7.690639 device=mps
2026-09-15 20:17:43,016 INFO completed=1368 new=1368 elapsed_s=177.832 images_per_s=7.692638 device=mps
2026-09-15 20:17:53,364 INFO completed=1448 new=1448 elapsed_s=188.180 images_per_s=7.694744 device=mps
2026-09-15 20:18:03,713 INFO completed=1528 new=1528 elapsed_s=198.529 images_per_s=7.696613 device=mps
2026-09-15 20:18:14,171 INFO completed=1608 new=1608 elapsed_s=208.987 images_per_s=7.694252 device=mps
2026-09-15 20:18:24,672 INFO completed=1688 new=1688 elapsed_s=219.488 images_per_s=7.690639 device=mps
2026-09-15 20:18:35,112 INFO completed=1768 new=1768 elapsed_s=229.928 images_per_s=7.689367 device=mps
2026-09-15 20:18:45,595 INFO completed=1848 new=1848 elapsed_s=240.411 images_per_s=7.686851 device=mps
2026-09-15 20:18:56,237 INFO completed=1928 new=1928 elapsed_s=251.052 images_per_s=7.679672 device=mps
2026-09-15 20:19:06,967 INFO completed=2008 new=2008 elapsed_s=261.783 images_per_s=7.670477 device=mps
2026-09-15 20:19:17,725 INFO completed=2088 new=2088 elapsed_s=272.540 images_per_s=7.661247 device=mps
2026-09-15 20:19:28,534 INFO completed=2168 new=2168 elapsed_s=283.350 images_per_s=7.651319 device=mps
2026-09-15 20:19:39,546 INFO completed=2248 new=2248 elapsed_s=294.361 images_per_s=7.636870 device=mps
2026-09-15 20:19:50,607 INFO completed=2328 new=2328 elapsed_s=305.422 images_per_s=7.622234 device=mps
2026-09-15 20:20:01,756 INFO completed=2408 new=2408 elapsed_s=316.571 images_per_s=7.606500 device=mps
2026-09-15 20:20:12,899 INFO completed=2488 new=2488 elapsed_s=327.714 images_per_s=7.591980 device=mps
2026-09-15 20:20:24,255 INFO completed=2568 new=2568 elapsed_s=339.070 images_per_s=7.573649 device=mps
2026-09-15 20:20:35,695 INFO completed=2648 new=2648 elapsed_s=350.510 images_per_s=7.554697 device=mps
2026-09-15 20:20:47,067 INFO completed=2728 new=2728 elapsed_s=361.882 images_per_s=7.538371 device=mps
2026-09-15 20:20:58,572 INFO completed=2808 new=2808 elapsed_s=373.387 images_per_s=7.520347 device=mps
2026-09-15 20:21:10,140 INFO completed=2888 new=2888 elapsed_s=384.955 images_per_s=7.502167 device=mps
2026-09-15 20:21:21,789 INFO completed=2968 new=2968 elapsed_s=396.604 images_per_s=7.483531 device=mps
2026-09-15 20:21:33,477 INFO completed=3048 new=3048 elapsed_s=408.292 images_per_s=7.465244 device=mps
2026-09-15 20:21:45,166 INFO completed=3128 new=3128 elapsed_s=419.981 images_per_s=7.447951 device=mps
2026-09-15 20:21:56,883 INFO completed=3208 new=3208 elapsed_s=431.698 images_per_s=7.431124 device=mps
2026-09-15 20:22:08,573 INFO completed=3288 new=3288 elapsed_s=443.388 images_per_s=7.415635 device=mps
2026-09-15 20:22:20,378 INFO completed=3368 new=3368 elapsed_s=455.193 images_per_s=7.399057 device=mps
2026-09-15 20:22:32,112 INFO completed=3448 new=3448 elapsed_s=466.927 images_per_s=7.384446 device=mps
2026-09-15 20:22:43,802 INFO completed=3528 new=3528 elapsed_s=478.617 images_per_s=7.371241 device=mps
2026-09-15 20:22:55,568 INFO completed=3608 new=3608 elapsed_s=490.383 images_per_s=7.357510 device=mps
2026-09-15 20:23:09,163 INFO completed=3688 new=3688 elapsed_s=503.978 images_per_s=7.317784 device=mps
2026-09-15 20:23:27,113 INFO completed=3768 new=3768 elapsed_s=521.927 images_per_s=7.219395 device=mps
2026-09-15 20:23:45,095 INFO completed=3848 new=3848 elapsed_s=539.909 images_per_s=7.127123 device=mps
2026-09-15 20:24:01,758 INFO completed=3928 new=3928 elapsed_s=556.573 images_per_s=7.057481 device=mps
2026-09-15 20:24:17,428 INFO completed=4008 new=4008 elapsed_s=572.242 images_per_s=7.004027 device=mps
2026-09-15 20:24:32,575 INFO completed=4088 new=4088 elapsed_s=587.390 images_per_s=6.959606 device=mps
2026-09-15 20:24:47,535 INFO completed=4168 new=4168 elapsed_s=602.349 images_per_s=6.919572 device=mps
2026-09-15 20:25:00,123 INFO completed=4248 new=4248 elapsed_s=614.937 images_per_s=6.908023 device=mps
2026-09-15 20:25:11,410 INFO completed=4328 new=4328 elapsed_s=626.224 images_per_s=6.911260 device=mps
2026-09-15 20:25:22,615 INFO completed=4408 new=4408 elapsed_s=637.429 images_per_s=6.915277 device=mps
2026-09-15 20:25:33,874 INFO completed=4488 new=4488 elapsed_s=648.688 images_per_s=6.918580 device=mps
2026-09-15 20:25:45,087 INFO completed=4568 new=4568 elapsed_s=659.901 images_per_s=6.922253 device=mps
2026-09-15 20:25:56,320 INFO completed=4648 new=4648 elapsed_s=671.134 images_per_s=6.925594 device=mps
2026-09-15 20:26:07,526 INFO completed=4728 new=4728 elapsed_s=682.340 images_per_s=6.929099 device=mps
2026-09-15 20:26:18,777 INFO completed=4808 new=4808 elapsed_s=693.592 images_per_s=6.932034 device=mps
2026-09-15 20:26:32,000 INFO completed=4888 new=4888 elapsed_s=706.814 images_per_s=6.915542 device=mps
2026-09-15 20:26:46,584 INFO completed=4968 new=4968 elapsed_s=721.398 images_per_s=6.886629 device=mps
2026-09-15 20:27:01,218 INFO completed=5048 new=5048 elapsed_s=736.031 images_per_s=6.858402 device=mps
2026-09-15 20:27:15,856 INFO completed=5128 new=5128 elapsed_s=750.670 images_per_s=6.831231 device=mps
2026-09-15 20:27:30,459 INFO completed=5208 new=5208 elapsed_s=765.273 images_per_s=6.805414 device=mps
2026-09-15 20:27:45,112 INFO completed=5288 new=5288 elapsed_s=779.926 images_per_s=6.780130 device=mps
2026-09-15 20:27:59,601 INFO completed=5368 new=5368 elapsed_s=794.415 images_per_s=6.757174 device=mps
2026-09-15 20:28:14,160 INFO completed=5448 new=5448 elapsed_s=808.974 images_per_s=6.734460 device=mps
2026-09-15 20:28:28,625 INFO completed=5528 new=5528 elapsed_s=823.439 images_per_s=6.713310 device=mps
2026-09-15 20:28:43,004 INFO completed=5608 new=5608 elapsed_s=837.818 images_per_s=6.693581 device=mps
2026-09-15 20:28:57,413 INFO completed=5688 new=5688 elapsed_s=852.227 images_per_s=6.674281 device=mps
2026-09-15 20:29:11,723 INFO completed=5768 new=5768 elapsed_s=866.537 images_per_s=6.656384 device=mps
2026-09-15 20:29:26,043 INFO completed=5848 new=5848 elapsed_s=880.856 images_per_s=6.638993 device=mps
2026-09-15 20:29:40,372 INFO completed=5928 new=5928 elapsed_s=895.186 images_per_s=6.622091 device=mps
2026-09-15 20:29:54,980 INFO completed=6008 new=6008 elapsed_s=909.793 images_per_s=6.603699 device=mps
2026-09-15 20:30:09,372 INFO completed=6088 new=6088 elapsed_s=924.185 images_per_s=6.587423 device=mps
2026-09-15 20:30:23,640 INFO completed=6168 new=6168 elapsed_s=938.453 images_per_s=6.572521 device=mps
2026-09-15 20:30:37,833 INFO completed=6248 new=6248 elapsed_s=952.646 images_per_s=6.558577 device=mps
2026-09-15 20:30:52,117 INFO completed=6328 new=6328 elapsed_s=966.930 images_per_s=6.544424 device=mps
2026-09-15 20:31:06,351 INFO completed=6408 new=6408 elapsed_s=981.164 images_per_s=6.531017 device=mps
2026-09-15 20:31:20,607 INFO completed=6488 new=6488 elapsed_s=995.420 images_per_s=6.517852 device=mps
2026-09-15 20:31:34,839 INFO completed=6568 new=6568 elapsed_s=1009.652 images_per_s=6.505215 device=mps
2026-09-15 20:31:49,239 INFO completed=6648 new=6648 elapsed_s=1024.051 images_per_s=6.491861 device=mps
2026-09-15 20:32:03,709 INFO completed=6728 new=6728 elapsed_s=1038.522 images_per_s=6.478438 device=mps
2026-09-15 20:32:18,177 INFO completed=6808 new=6808 elapsed_s=1052.990 images_per_s=6.465400 device=mps
2026-09-15 20:32:32,592 INFO completed=6888 new=6888 elapsed_s=1067.405 images_per_s=6.453034 device=mps
2026-09-15 20:32:46,981 INFO completed=6968 new=6968 elapsed_s=1081.793 images_per_s=6.441157 device=mps
2026-09-15 20:33:01,407 INFO completed=7048 new=7048 elapsed_s=1096.219 images_per_s=6.429372 device=mps
2026-09-15 20:33:15,722 INFO completed=7128 new=7128 elapsed_s=1110.534 images_per_s=6.418533 device=mps
2026-09-15 20:33:30,200 INFO completed=7208 new=7208 elapsed_s=1125.010 images_per_s=6.407051 device=mps
2026-09-15 20:33:44,592 INFO completed=7288 new=7288 elapsed_s=1139.402 images_per_s=6.396338 device=mps
2026-09-15 20:33:58,907 INFO completed=7368 new=7368 elapsed_s=1153.716 images_per_s=6.386318 device=mps
2026-09-15 20:34:13,254 INFO completed=7448 new=7448 elapsed_s=1168.064 images_per_s=6.376364 device=mps
2026-09-15 20:34:27,678 INFO completed=7528 new=7528 elapsed_s=1182.488 images_per_s=6.366239 device=mps
2026-09-15 20:34:42,131 INFO completed=7608 new=7608 elapsed_s=1196.941 images_per_s=6.356205 device=mps
2026-09-15 20:34:56,403 INFO completed=7688 new=7688 elapsed_s=1211.213 images_per_s=6.347358 device=mps
2026-09-15 20:35:10,956 INFO completed=7768 new=7768 elapsed_s=1225.766 images_per_s=6.337264 device=mps
2026-09-15 20:35:25,256 INFO completed=7848 new=7848 elapsed_s=1240.065 images_per_s=6.328699 device=mps
2026-09-15 20:35:39,690 INFO completed=7928 new=7928 elapsed_s=1254.499 images_per_s=6.319653 device=mps
2026-09-15 20:35:53,940 INFO completed=8008 new=8008 elapsed_s=1268.749 images_per_s=6.311728 device=mps
2026-09-15 20:36:08,235 INFO completed=8088 new=8088 elapsed_s=1283.045 images_per_s=6.303756 device=mps
2026-09-15 20:36:22,605 INFO completed=8168 new=8168 elapsed_s=1297.414 images_per_s=6.295601 device=mps
2026-09-15 20:36:36,900 INFO completed=8248 new=8248 elapsed_s=1311.709 images_per_s=6.287981 device=mps
2026-09-15 20:36:51,153 INFO completed=8328 new=8328 elapsed_s=1325.962 images_per_s=6.280721 device=mps
2026-09-15 20:37:05,373 INFO completed=8408 new=8408 elapsed_s=1340.182 images_per_s=6.273776 device=mps
2026-09-15 20:37:19,808 INFO completed=8488 new=8488 elapsed_s=1354.617 images_per_s=6.265977 device=mps
2026-09-15 20:37:33,973 INFO completed=8568 new=8568 elapsed_s=1368.781 images_per_s=6.259582 device=mps
2026-09-15 20:37:48,124 INFO completed=8648 new=8648 elapsed_s=1382.932 images_per_s=6.253379 device=mps
2026-09-15 20:38:02,275 INFO completed=8728 new=8728 elapsed_s=1397.084 images_per_s=6.247299 device=mps
2026-09-15 20:38:16,473 INFO completed=8808 new=8808 elapsed_s=1411.282 images_per_s=6.241136 device=mps
2026-09-15 20:38:30,658 INFO completed=8888 new=8888 elapsed_s=1425.466 images_per_s=6.235153 device=mps
2026-09-15 20:38:44,772 INFO completed=8968 new=8968 elapsed_s=1439.581 images_per_s=6.229590 device=mps
2026-09-15 20:38:58,833 INFO completed=9048 new=9048 elapsed_s=1453.642 images_per_s=6.224367 device=mps
2026-09-15 20:39:13,031 INFO completed=9128 new=9128 elapsed_s=1467.840 images_per_s=6.218663 device=mps
2026-09-15 20:39:27,051 INFO completed=9208 new=9208 elapsed_s=1481.859 images_per_s=6.213815 device=mps
2026-09-15 20:39:41,195 INFO completed=9288 new=9288 elapsed_s=1496.003 images_per_s=6.208544 device=mps
2026-09-15 20:39:55,172 INFO completed=9368 new=9368 elapsed_s=1509.980 images_per_s=6.204055 device=mps
2026-09-15 20:40:09,224 INFO completed=9448 new=9448 elapsed_s=1524.032 images_per_s=6.199345 device=mps
2026-09-15 20:40:23,240 INFO completed=9528 new=9528 elapsed_s=1538.048 images_per_s=6.194865 device=mps
2026-09-15 20:40:37,331 INFO completed=9608 new=9608 elapsed_s=1552.139 images_per_s=6.190166 device=mps
2026-09-15 20:40:51,227 INFO completed=9688 new=9688 elapsed_s=1566.036 images_per_s=6.186322 device=mps
2026-09-15 20:41:05,256 INFO completed=9768 new=9768 elapsed_s=1580.064 images_per_s=6.182030 device=mps
2026-09-15 20:41:19,301 INFO completed=9848 new=9848 elapsed_s=1594.109 images_per_s=6.177744 device=mps
2026-09-15 20:41:33,279 INFO completed=9928 new=9928 elapsed_s=1608.087 images_per_s=6.173795 device=mps
2026-09-15 20:41:47,286 INFO completed=10008 new=10008 elapsed_s=1622.093 images_per_s=6.169805 device=mps
2026-09-15 20:42:01,197 INFO completed=10088 new=10088 elapsed_s=1636.005 images_per_s=6.166240 device=mps
2026-09-15 20:42:15,124 INFO completed=10168 new=10168 elapsed_s=1649.931 images_per_s=6.162681 device=mps
2026-09-15 20:42:29,156 INFO completed=10248 new=10248 elapsed_s=1663.963 images_per_s=6.158790 device=mps
2026-09-15 20:42:43,202 INFO completed=10328 new=10328 elapsed_s=1678.009 images_per_s=6.154913 device=mps
2026-09-15 20:42:57,129 INFO completed=10408 new=10408 elapsed_s=1691.936 images_per_s=6.151533 device=mps
2026-09-15 20:43:11,135 INFO completed=10488 new=10488 elapsed_s=1705.943 images_per_s=6.147920 device=mps
2026-09-15 20:43:25,136 INFO completed=10568 new=10568 elapsed_s=1719.944 images_per_s=6.144387 device=mps
2026-09-15 20:43:38,992 INFO completed=10648 new=10648 elapsed_s=1733.799 images_per_s=6.141426 device=mps
2026-09-15 20:43:53,008 INFO completed=10728 new=10728 elapsed_s=1747.815 images_per_s=6.137948 device=mps
2026-09-15 20:44:07,001 INFO completed=10808 new=10808 elapsed_s=1761.808 images_per_s=6.134607 device=mps
2026-09-15 20:44:21,006 INFO completed=10888 new=10888 elapsed_s=1775.813 images_per_s=6.131277 device=mps
2026-09-15 20:44:34,916 INFO completed=10968 new=10968 elapsed_s=1789.723 images_per_s=6.128324 device=mps
2026-09-15 20:44:48,863 INFO completed=11048 new=11048 elapsed_s=1803.670 images_per_s=6.125290 device=mps
2026-09-15 20:45:02,935 INFO completed=11128 new=11128 elapsed_s=1817.742 images_per_s=6.121881 device=mps
2026-09-15 20:45:16,911 INFO completed=11208 new=11208 elapsed_s=1831.718 images_per_s=6.118846 device=mps
2026-09-15 20:45:30,932 INFO completed=11288 new=11288 elapsed_s=1845.739 images_per_s=6.115708 device=mps
2026-09-15 20:45:45,003 INFO completed=11368 new=11368 elapsed_s=1859.810 images_per_s=6.112452 device=mps
2026-09-15 20:45:58,998 INFO completed=11448 new=11448 elapsed_s=1873.804 images_per_s=6.109496 device=mps
2026-09-15 20:46:12,987 INFO completed=11528 new=11528 elapsed_s=1887.794 images_per_s=6.106598 device=mps
2026-09-15 20:46:26,998 INFO completed=11608 new=11608 elapsed_s=1901.804 images_per_s=6.103677 device=mps
2026-09-15 20:46:41,173 INFO completed=11688 new=11688 elapsed_s=1915.980 images_per_s=6.100274 device=mps
2026-09-15 20:46:55,144 INFO completed=11768 new=11768 elapsed_s=1929.951 images_per_s=6.097565 device=mps
2026-09-15 20:47:08,986 INFO completed=11848 new=11848 elapsed_s=1943.792 images_per_s=6.095301 device=mps
2026-09-15 20:47:23,050 INFO completed=11928 new=11928 elapsed_s=1957.856 images_per_s=6.092377 device=mps
2026-09-15 20:47:36,829 INFO completed=12008 new=12008 elapsed_s=1971.635 images_per_s=6.090377 device=mps
2026-09-15 20:47:50,833 INFO completed=12088 new=12088 elapsed_s=1985.639 images_per_s=6.087713 device=mps
2026-09-15 20:48:04,898 INFO completed=12168 new=12168 elapsed_s=1999.704 images_per_s=6.084900 device=mps
2026-09-15 20:48:19,042 INFO completed=12248 new=12248 elapsed_s=2013.848 images_per_s=6.081888 device=mps
2026-09-15 20:48:33,063 INFO completed=12328 new=12328 elapsed_s=2027.869 images_per_s=6.079288 device=mps
2026-09-15 20:48:47,020 INFO completed=12408 new=12408 elapsed_s=2041.826 images_per_s=6.076915 device=mps
2026-09-15 20:49:01,149 INFO completed=12488 new=12488 elapsed_s=2055.955 images_per_s=6.074064 device=mps
2026-09-15 20:49:15,326 INFO completed=12568 new=12568 elapsed_s=2070.132 images_per_s=6.071111 device=mps
2026-09-15 20:49:29,333 INFO completed=12648 new=12648 elapsed_s=2084.139 images_per_s=6.068694 device=mps
2026-09-15 20:49:43,682 INFO completed=12728 new=12728 elapsed_s=2098.488 images_per_s=6.065319 device=mps
2026-09-15 20:49:57,575 INFO completed=12808 new=12808 elapsed_s=2112.381 images_per_s=6.063300 device=mps
2026-09-15 20:50:11,618 INFO completed=12888 new=12888 elapsed_s=2126.424 images_per_s=6.060879 device=mps
2026-09-15 20:50:25,673 INFO completed=12968 new=12968 elapsed_s=2140.479 images_per_s=6.058457 device=mps
2026-09-15 20:50:39,564 INFO completed=13048 new=13048 elapsed_s=2154.370 images_per_s=6.056526 device=mps
2026-09-15 20:50:53,637 INFO completed=13128 new=13128 elapsed_s=2168.442 images_per_s=6.054115 device=mps
2026-09-15 20:51:07,605 INFO completed=13208 new=13208 elapsed_s=2182.410 images_per_s=6.052024 device=mps
2026-09-15 20:51:21,404 INFO completed=13288 new=13288 elapsed_s=2196.210 images_per_s=6.050424 device=mps
2026-09-15 20:51:35,159 INFO completed=13368 new=13368 elapsed_s=2209.965 images_per_s=6.048965 device=mps
2026-09-15 20:51:49,008 INFO completed=13448 new=13448 elapsed_s=2223.814 images_per_s=6.047268 device=mps
2026-09-15 20:52:02,750 INFO completed=13528 new=13528 elapsed_s=2237.555 images_per_s=6.045884 device=mps
2026-09-15 20:52:16,550 INFO completed=13608 new=13608 elapsed_s=2251.355 images_per_s=6.044359 device=mps
2026-09-15 20:52:30,662 INFO completed=13688 new=13688 elapsed_s=2265.467 images_per_s=6.042020 device=mps
2026-09-15 20:52:44,423 INFO completed=13768 new=13768 elapsed_s=2279.229 images_per_s=6.040640 device=mps
2026-09-15 20:52:58,250 INFO completed=13848 new=13848 elapsed_s=2293.055 images_per_s=6.039104 device=mps
2026-09-15 20:53:12,035 INFO completed=13928 new=13928 elapsed_s=2306.840 images_per_s=6.037697 device=mps
2026-09-15 20:53:25,758 INFO completed=14008 new=14008 elapsed_s=2320.563 images_per_s=6.036466 device=mps
2026-09-15 20:53:39,868 INFO completed=14088 new=14088 elapsed_s=2334.674 images_per_s=6.034248 device=mps
2026-09-15 20:53:53,815 INFO completed=14168 new=14168 elapsed_s=2348.620 images_per_s=6.032478 device=mps
2026-09-15 20:54:07,654 INFO completed=14248 new=14248 elapsed_s=2362.459 images_per_s=6.031003 device=mps
2026-09-15 20:54:21,397 INFO completed=14328 new=14328 elapsed_s=2376.202 images_per_s=6.029790 device=mps
2026-09-15 20:54:35,464 INFO completed=14408 new=14408 elapsed_s=2390.269 images_per_s=6.027774 device=mps
2026-09-15 20:54:49,377 INFO completed=14488 new=14488 elapsed_s=2404.182 images_per_s=6.026165 device=mps
2026-09-15 20:55:03,193 INFO completed=14568 new=14568 elapsed_s=2417.998 images_per_s=6.024820 device=mps
2026-09-15 20:55:17,178 INFO completed=14648 new=14648 elapsed_s=2431.983 images_per_s=6.023068 device=mps
2026-09-15 20:55:31,399 INFO completed=14728 new=14728 elapsed_s=2446.204 images_per_s=6.020758 device=mps
2026-09-15 20:55:45,357 INFO completed=14808 new=14808 elapsed_s=2460.161 images_per_s=6.019118 device=mps
2026-09-15 20:55:59,262 INFO completed=14888 new=14888 elapsed_s=2474.066 images_per_s=6.017624 device=mps
2026-09-15 20:56:13,186 INFO completed=14968 new=14968 elapsed_s=2487.991 images_per_s=6.016100 device=mps
2026-09-15 20:56:27,302 INFO completed=15048 new=15048 elapsed_s=2502.106 images_per_s=6.014134 device=mps
2026-09-15 20:56:41,298 INFO completed=15128 new=15128 elapsed_s=2516.102 images_per_s=6.012474 device=mps
2026-09-15 20:56:55,148 INFO completed=15208 new=15208 elapsed_s=2529.952 images_per_s=6.011181 device=mps
2026-09-15 20:57:09,281 INFO completed=15288 new=15288 elapsed_s=2544.085 images_per_s=6.009233 device=mps
2026-09-15 20:57:22,959 INFO completed=15368 new=15368 elapsed_s=2557.763 images_per_s=6.008376 device=mps
2026-09-15 20:57:36,983 INFO completed=15448 new=15448 elapsed_s=2571.787 images_per_s=6.006718 device=mps
2026-09-15 20:57:50,744 INFO completed=15528 new=15528 elapsed_s=2585.548 images_per_s=6.005689 device=mps
2026-09-15 20:58:04,419 INFO completed=15608 new=15608 elapsed_s=2599.223 images_per_s=6.004872 device=mps
2026-09-15 20:58:18,101 INFO completed=15688 new=15688 elapsed_s=2612.905 images_per_s=6.004045 device=mps
2026-09-15 20:58:32,154 INFO completed=15768 new=15768 elapsed_s=2626.958 images_per_s=6.002380 device=mps
2026-09-15 20:58:45,784 INFO completed=15848 new=15848 elapsed_s=2640.588 images_per_s=6.001693 device=mps
2026-09-15 20:58:59,491 INFO completed=15928 new=15928 elapsed_s=2654.294 images_per_s=6.000841 device=mps
2026-09-15 20:59:13,465 INFO completed=16008 new=16008 elapsed_s=2668.268 images_per_s=5.999397 device=mps
2026-09-15 20:59:27,282 INFO completed=16088 new=16088 elapsed_s=2682.086 images_per_s=5.998316 device=mps
2026-09-15 20:59:40,981 INFO completed=16168 new=16168 elapsed_s=2695.785 images_per_s=5.997511 device=mps
2026-09-15 20:59:54,693 INFO completed=16248 new=16248 elapsed_s=2709.497 images_per_s=5.996686 device=mps
2026-09-15 21:00:08,750 INFO completed=16328 new=16328 elapsed_s=2723.553 images_per_s=5.995110 device=mps
2026-09-15 21:00:22,589 INFO completed=16408 new=16408 elapsed_s=2737.392 images_per_s=5.994025 device=mps
2026-09-15 21:00:36,334 INFO completed=16488 new=16488 elapsed_s=2751.137 images_per_s=5.993158 device=mps
2026-09-15 21:00:50,275 INFO completed=16568 new=16568 elapsed_s=2765.078 images_per_s=5.991874 device=mps
2026-09-15 21:01:03,986 INFO completed=16648 new=16648 elapsed_s=2778.789 images_per_s=5.991099 device=mps
2026-09-15 21:01:18,249 INFO completed=16728 new=16728 elapsed_s=2793.052 images_per_s=5.989148 device=mps
2026-09-15 21:01:32,119 INFO completed=16808 new=16808 elapsed_s=2806.922 images_per_s=5.988054 device=mps
2026-09-15 21:01:46,380 INFO completed=16888 new=16888 elapsed_s=2821.183 images_per_s=5.986142 device=mps
2026-09-15 21:02:00,306 INFO completed=16968 new=16968 elapsed_s=2835.108 images_per_s=5.984956 device=mps
2026-09-15 21:02:14,648 INFO completed=17048 new=17048 elapsed_s=2849.450 images_per_s=5.982908 device=mps
2026-09-15 21:02:28,530 INFO completed=17128 new=17128 elapsed_s=2863.333 images_per_s=5.981840 device=mps
2026-09-15 21:02:42,768 INFO completed=17208 new=17208 elapsed_s=2877.571 images_per_s=5.980044 device=mps
2026-09-15 21:02:56,634 INFO completed=17288 new=17288 elapsed_s=2891.437 images_per_s=5.979034 device=mps
2026-09-15 21:03:10,580 INFO completed=17368 new=17368 elapsed_s=2905.383 images_per_s=5.977870 device=mps
2026-09-15 21:03:24,891 INFO completed=17448 new=17448 elapsed_s=2919.693 images_per_s=5.975970 device=mps
2026-09-15 21:03:38,779 INFO completed=17528 new=17528 elapsed_s=2933.582 images_per_s=5.974948 device=mps
2026-09-15 21:03:52,822 INFO completed=17608 new=17608 elapsed_s=2947.624 images_per_s=5.973625 device=mps
2026-09-15 21:04:06,906 INFO completed=17688 new=17688 elapsed_s=2961.708 images_per_s=5.972229 device=mps
2026-09-15 21:04:21,090 INFO completed=17768 new=17768 elapsed_s=2975.892 images_per_s=5.970647 device=mps
2026-09-15 21:04:35,423 INFO completed=17848 new=17848 elapsed_s=2990.225 images_per_s=5.968781 device=mps
2026-09-15 21:04:49,747 INFO completed=17928 new=17928 elapsed_s=3004.550 images_per_s=5.966951 device=mps
2026-09-15 21:05:02,616 INFO completed=18008 new=18008 elapsed_s=3017.418 images_per_s=5.968016 device=mps
2026-09-15 21:05:15,331 INFO completed=18088 new=18088 elapsed_s=3030.133 images_per_s=5.969375 device=mps
2026-09-15 21:05:28,310 INFO completed=18168 new=18168 elapsed_s=3043.111 images_per_s=5.970206 device=mps
2026-09-15 21:05:41,194 INFO completed=18248 new=18248 elapsed_s=3055.994 images_per_s=5.971215 device=mps
2026-09-15 21:05:54,328 INFO completed=18328 new=18328 elapsed_s=3069.128 images_per_s=5.971729 device=mps
2026-09-15 21:06:07,139 INFO completed=18408 new=18408 elapsed_s=3081.939 images_per_s=5.972863 device=mps
2026-09-15 21:06:20,007 INFO completed=18488 new=18488 elapsed_s=3094.806 images_per_s=5.973879 device=mps
2026-09-15 21:06:32,805 INFO completed=18568 new=18568 elapsed_s=3107.604 images_per_s=5.975021 device=mps
2026-09-15 21:06:45,674 INFO completed=18648 new=18648 elapsed_s=3120.473 images_per_s=5.976017 device=mps
2026-09-15 21:06:58,543 INFO completed=18728 new=18728 elapsed_s=3133.342 images_per_s=5.977005 device=mps
2026-09-15 21:07:11,367 INFO completed=18808 new=18808 elapsed_s=3146.166 images_per_s=5.978069 device=mps
2026-09-15 21:07:24,228 INFO completed=18888 new=18888 elapsed_s=3159.027 images_per_s=5.979055 device=mps
2026-09-15 21:07:37,089 INFO completed=18968 new=18968 elapsed_s=3171.888 images_per_s=5.980034 device=mps
2026-09-15 21:07:49,974 INFO completed=19048 new=19048 elapsed_s=3184.773 images_per_s=5.980960 device=mps
2026-09-15 21:08:02,955 INFO completed=19128 new=19128 elapsed_s=3197.754 images_per_s=5.981698 device=mps
2026-09-15 21:08:15,833 INFO completed=19208 new=19208 elapsed_s=3210.632 images_per_s=5.982623 device=mps
2026-09-15 21:08:28,822 INFO completed=19288 new=19288 elapsed_s=3223.621 images_per_s=5.983334 device=mps
2026-09-15 21:08:41,727 INFO completed=19368 new=19368 elapsed_s=3236.526 images_per_s=5.984194 device=mps
2026-09-15 21:08:54,619 INFO completed=19448 new=19448 elapsed_s=3249.418 images_per_s=5.985071 device=mps
2026-09-15 21:09:07,613 INFO completed=19528 new=19528 elapsed_s=3262.412 images_per_s=5.985756 device=mps
2026-09-15 21:09:20,460 INFO completed=19608 new=19608 elapsed_s=3275.259 images_per_s=5.986702 device=mps
2026-09-15 21:09:33,343 INFO completed=19688 new=19688 elapsed_s=3288.142 images_per_s=5.987576 device=mps
2026-09-15 21:09:46,257 INFO completed=19768 new=19768 elapsed_s=3301.055 images_per_s=5.988388 device=mps
2026-09-15 21:09:59,196 INFO completed=19848 new=19848 elapsed_s=3313.994 images_per_s=5.989147 device=mps
2026-09-15 21:10:12,179 INFO completed=19928 new=19928 elapsed_s=3326.977 images_per_s=5.989821 device=mps
2026-09-15 21:10:25,025 INFO completed=20008 new=20008 elapsed_s=3339.823 images_per_s=5.990736 device=mps
2026-09-15 21:10:37,886 INFO completed=20088 new=20088 elapsed_s=3352.684 images_per_s=5.991618 device=mps
2026-09-15 21:10:50,704 INFO completed=20168 new=20168 elapsed_s=3365.502 images_per_s=5.992568 device=mps
2026-09-15 21:11:03,493 INFO completed=20248 new=20248 elapsed_s=3378.291 images_per_s=5.993563 device=mps
2026-09-15 21:11:16,334 INFO completed=20328 new=20328 elapsed_s=3391.132 images_per_s=5.994458 device=mps
2026-09-15 21:11:29,151 INFO completed=20408 new=20408 elapsed_s=3403.949 images_per_s=5.995389 device=mps
2026-09-15 21:11:42,012 INFO completed=20488 new=20488 elapsed_s=3416.810 images_per_s=5.996236 device=mps
2026-09-15 21:11:55,071 INFO completed=20568 new=20568 elapsed_s=3429.869 images_per_s=5.996730 device=mps
2026-09-15 21:12:08,055 INFO completed=20648 new=20648 elapsed_s=3442.853 images_per_s=5.997351 device=mps
2026-09-15 21:12:20,886 INFO completed=20728 new=20728 elapsed_s=3455.684 images_per_s=5.998234 device=mps
2026-09-15 21:12:33,864 INFO completed=20808 new=20808 elapsed_s=3468.662 images_per_s=5.998855 device=mps
2026-09-15 21:12:46,895 INFO completed=20888 new=20888 elapsed_s=3481.693 images_per_s=5.999381 device=mps
2026-09-15 21:12:59,885 INFO completed=20968 new=20968 elapsed_s=3494.683 images_per_s=5.999972 device=mps
2026-09-15 21:13:12,729 INFO completed=21048 new=21048 elapsed_s=3507.527 images_per_s=6.000810 device=mps
2026-09-15 21:13:25,510 INFO completed=21128 new=21128 elapsed_s=3520.307 images_per_s=6.001749 device=mps
2026-09-15 21:13:38,258 INFO completed=21208 new=21208 elapsed_s=3533.055 images_per_s=6.002737 device=mps
2026-09-15 21:13:51,065 INFO completed=21288 new=21288 elapsed_s=3545.862 images_per_s=6.003617 device=mps
2026-09-15 21:14:03,927 INFO completed=21368 new=21368 elapsed_s=3558.724 images_per_s=6.004399 device=mps
2026-09-15 21:14:16,757 INFO completed=21448 new=21448 elapsed_s=3571.554 images_per_s=6.005230 device=mps
2026-09-15 21:14:29,500 INFO completed=21528 new=21528 elapsed_s=3584.297 images_per_s=6.006199 device=mps
2026-09-15 21:14:42,367 INFO completed=21608 new=21608 elapsed_s=3597.164 images_per_s=6.006954 device=mps
2026-09-15 21:14:55,096 INFO completed=21688 new=21688 elapsed_s=3609.893 images_per_s=6.007935 device=mps
2026-09-15 21:15:07,882 INFO completed=21768 new=21768 elapsed_s=3622.679 images_per_s=6.008813 device=mps
2026-09-15 21:15:20,648 INFO completed=21848 new=21848 elapsed_s=3635.444 images_per_s=6.009719 device=mps
2026-09-15 21:15:33,411 INFO completed=21928 new=21928 elapsed_s=3648.207 images_per_s=6.010623 device=mps
2026-09-15 21:15:46,119 INFO completed=22008 new=22008 elapsed_s=3660.916 images_per_s=6.011611 device=mps
2026-09-15 21:15:58,847 INFO completed=22088 new=22088 elapsed_s=3673.644 images_per_s=6.012558 device=mps
2026-09-15 21:16:11,657 INFO completed=22168 new=22168 elapsed_s=3686.453 images_per_s=6.013368 device=mps
2026-09-15 21:16:24,420 INFO completed=22248 new=22248 elapsed_s=3699.217 images_per_s=6.014246 device=mps
2026-09-15 21:16:37,197 INFO completed=22328 new=22328 elapsed_s=3711.994 images_per_s=6.015096 device=mps
2026-09-15 21:16:49,965 INFO completed=22408 new=22408 elapsed_s=3724.761 images_per_s=6.015956 device=mps
2026-09-15 21:17:03,066 INFO completed=22488 new=22488 elapsed_s=3737.862 images_per_s=6.016273 device=mps
2026-09-15 21:17:15,929 INFO completed=22568 new=22568 elapsed_s=3750.725 images_per_s=6.016970 device=mps
2026-09-15 21:17:28,866 INFO completed=22648 new=22648 elapsed_s=3763.662 images_per_s=6.017543 device=mps
2026-09-15 21:17:41,676 INFO completed=22728 new=22728 elapsed_s=3776.472 images_per_s=6.018315 device=mps
2026-09-15 21:17:54,421 INFO completed=22808 new=22808 elapsed_s=3789.217 images_per_s=6.019185 device=mps
2026-09-15 21:18:07,292 INFO completed=22888 new=22888 elapsed_s=3802.088 images_per_s=6.019850 device=mps
2026-09-15 21:18:20,026 INFO completed=22968 new=22968 elapsed_s=3814.822 images_per_s=6.020726 device=mps
2026-09-15 21:18:32,770 INFO completed=23048 new=23048 elapsed_s=3827.566 images_per_s=6.021582 device=mps
2026-09-15 21:18:45,499 INFO completed=23128 new=23128 elapsed_s=3840.295 images_per_s=6.022454 device=mps
2026-09-15 21:18:58,228 INFO completed=23208 new=23208 elapsed_s=3853.024 images_per_s=6.023320 device=mps
2026-09-15 21:19:11,004 INFO completed=23288 new=23288 elapsed_s=3865.800 images_per_s=6.024109 device=mps
2026-09-15 21:19:23,756 INFO completed=23368 new=23368 elapsed_s=3878.552 images_per_s=6.024929 device=mps
2026-09-15 21:19:36,518 INFO completed=23448 new=23448 elapsed_s=3891.314 images_per_s=6.025728 device=mps
2026-09-15 21:19:49,374 INFO completed=23528 new=23528 elapsed_s=3904.170 images_per_s=6.026378 device=mps
2026-09-15 21:20:02,160 INFO completed=23608 new=23608 elapsed_s=3916.956 images_per_s=6.027129 device=mps
2026-09-15 21:20:14,994 INFO completed=23688 new=23688 elapsed_s=3929.789 images_per_s=6.027804 device=mps
2026-09-15 21:20:27,767 INFO completed=23768 new=23768 elapsed_s=3942.563 images_per_s=6.028566 device=mps
2026-09-15 21:20:40,524 INFO completed=23848 new=23848 elapsed_s=3955.319 images_per_s=6.029349 device=mps
2026-09-15 21:20:53,304 INFO completed=23928 new=23928 elapsed_s=3968.099 images_per_s=6.030091 device=mps
2026-09-15 21:21:06,114 INFO completed=24008 new=24008 elapsed_s=3980.910 images_per_s=6.030782 device=mps
2026-09-15 21:21:18,892 INFO completed=24088 new=24088 elapsed_s=3993.686 images_per_s=6.031520 device=mps
2026-09-15 21:21:31,695 INFO completed=24168 new=24168 elapsed_s=4006.487 images_per_s=6.032217 device=mps
2026-09-15 21:21:44,520 INFO completed=24248 new=24248 elapsed_s=4019.311 images_per_s=6.032874 device=mps
2026-09-15 21:21:57,325 INFO completed=24328 new=24328 elapsed_s=4032.116 images_per_s=6.033557 device=mps
2026-09-15 21:22:10,104 INFO completed=24408 new=24408 elapsed_s=4044.894 images_per_s=6.034274 device=mps
2026-09-15 21:22:22,892 INFO completed=24488 new=24488 elapsed_s=4057.682 images_per_s=6.034973 device=mps
2026-09-15 21:22:35,663 INFO completed=24568 new=24568 elapsed_s=4070.453 images_per_s=6.035692 device=mps
2026-09-15 21:22:48,438 INFO completed=24648 new=24648 elapsed_s=4083.227 images_per_s=6.036401 device=mps
2026-09-15 21:23:01,146 INFO completed=24728 new=24728 elapsed_s=4095.936 images_per_s=6.037204 device=mps
2026-09-15 21:23:13,953 INFO completed=24808 new=24808 elapsed_s=4108.743 images_per_s=6.037857 device=mps
2026-09-15 21:23:26,694 INFO completed=24888 new=24888 elapsed_s=4121.484 images_per_s=6.038602 device=mps
2026-09-15 21:23:39,439 INFO completed=24968 new=24968 elapsed_s=4134.229 images_per_s=6.039337 device=mps
2026-09-15 21:23:52,143 INFO completed=25048 new=25048 elapsed_s=4146.932 images_per_s=6.040127 device=mps
2026-09-15 21:24:04,865 INFO completed=25128 new=25128 elapsed_s=4159.655 images_per_s=6.040886 device=mps
2026-09-15 21:24:17,627 INFO completed=25208 new=25208 elapsed_s=4172.416 images_per_s=6.041583 device=mps
2026-09-15 21:24:30,354 INFO completed=25288 new=25288 elapsed_s=4185.144 images_per_s=6.042325 device=mps
2026-09-15 21:24:43,467 INFO completed=25368 new=25368 elapsed_s=4198.256 images_per_s=6.042509 device=mps
2026-09-15 21:24:56,213 INFO completed=25448 new=25448 elapsed_s=4211.002 images_per_s=6.043217 device=mps
2026-09-15 21:25:09,119 INFO completed=25528 new=25528 elapsed_s=4223.909 images_per_s=6.043691 device=mps
2026-09-15 21:25:21,903 INFO completed=25608 new=25608 elapsed_s=4236.692 images_per_s=6.044339 device=mps
2026-09-15 21:25:34,633 INFO completed=25688 new=25688 elapsed_s=4249.422 images_per_s=6.045057 device=mps
2026-09-15 21:25:47,383 INFO completed=25768 new=25768 elapsed_s=4262.172 images_per_s=6.045744 device=mps
2026-09-15 21:26:00,165 INFO completed=25848 new=25848 elapsed_s=4274.954 images_per_s=6.046381 device=mps
2026-09-15 21:26:12,972 INFO completed=25928 new=25928 elapsed_s=4287.761 images_per_s=6.046979 device=mps
2026-09-15 21:26:25,975 INFO completed=26008 new=26008 elapsed_s=4300.764 images_per_s=6.047298 device=mps
2026-09-15 21:26:38,742 INFO completed=26088 new=26088 elapsed_s=4313.530 images_per_s=6.047946 device=mps
2026-09-15 21:26:51,634 INFO completed=26168 new=26168 elapsed_s=4326.423 images_per_s=6.048415 device=mps
2026-09-15 21:27:04,417 INFO completed=26248 new=26248 elapsed_s=4339.206 images_per_s=6.049033 device=mps
2026-09-15 21:27:17,199 INFO completed=26328 new=26328 elapsed_s=4351.988 images_per_s=6.049649 device=mps
2026-09-15 21:27:29,952 INFO completed=26408 new=26408 elapsed_s=4364.740 images_per_s=6.050303 device=mps
2026-09-15 21:27:42,735 INFO completed=26488 new=26488 elapsed_s=4377.524 images_per_s=6.050910 device=mps
2026-09-15 21:27:55,528 INFO completed=26568 new=26568 elapsed_s=4390.316 images_per_s=6.051500 device=mps
2026-09-15 21:28:08,352 INFO completed=26648 new=26648 elapsed_s=4403.140 images_per_s=6.052045 device=mps
2026-09-15 21:28:21,146 INFO completed=26728 new=26728 elapsed_s=4415.934 images_per_s=6.052627 device=mps
2026-09-15 21:28:33,936 INFO completed=26808 new=26808 elapsed_s=4428.724 images_per_s=6.053211 device=mps
2026-09-15 21:28:46,731 INFO completed=26888 new=26888 elapsed_s=4441.519 images_per_s=6.053784 device=mps
2026-09-15 21:28:59,563 INFO completed=26968 new=26968 elapsed_s=4454.351 images_per_s=6.054305 device=mps
2026-09-15 21:29:12,380 INFO completed=27048 new=27048 elapsed_s=4467.168 images_per_s=6.054843 device=mps
2026-09-15 21:29:25,218 INFO completed=27128 new=27128 elapsed_s=4480.006 images_per_s=6.055350 device=mps
2026-09-15 21:29:38,010 INFO completed=27208 new=27208 elapsed_s=4492.798 images_per_s=6.055914 device=mps
2026-09-15 21:29:50,882 INFO completed=27288 new=27288 elapsed_s=4505.670 images_per_s=6.056369 device=mps
2026-09-15 21:30:03,731 INFO completed=27368 new=27368 elapsed_s=4518.518 images_per_s=6.056853 device=mps
2026-09-15 21:30:16,577 INFO completed=27448 new=27448 elapsed_s=4531.364 images_per_s=6.057337 device=mps
2026-09-15 21:30:29,441 INFO completed=27528 new=27528 elapsed_s=4544.228 images_per_s=6.057794 device=mps
2026-09-15 21:30:42,206 INFO completed=27608 new=27608 elapsed_s=4556.993 images_per_s=6.058381 device=mps
2026-09-15 21:30:55,013 INFO completed=27688 new=27688 elapsed_s=4569.800 images_per_s=6.058908 device=mps
