2026-09-15 21:35:45,481 INFO Parsing model identifier. Schema: None, Identifier: ViT-B-32
2026-09-15 21:35:45,481 INFO Loaded built-in ViT-B-32 model config.
2026-09-15 21:35:45,481 INFO `pretrained` specifies file path: /Users/von/Projects/cci-local-recovery/rerun_workspace/model_weights/ViT-B-32.pt
2026-09-15 21:35:45,481 INFO Instantiating model architecture: CLIP
2026-09-15 21:35:46,263 INFO Loading full pretrained weights from: /Users/von/Projects/cci-local-recovery/rerun_workspace/model_weights/ViT-B-32.pt
2026-09-15 21:35:46,512 INFO Final image preprocessing configuration set: {'size': (224, 224), 'mode': 'RGB', 'mean': (0.48145466, 0.4578275, 0.40821073), 'std': (0.26862954, 0.26130258, 0.27577711), 'interpolation': 'bicubic', 'resize_mode': 'shortest', 'fill_color': 0}
2026-09-15 21:35:46,512 INFO Model ViT-B-32 creation process complete.
2026-09-15 21:35:46,512 INFO Parsing tokenizer identifier. Schema: None, Identifier: ViT-B-32
2026-09-15 21:35:46,512 INFO Attempting to load config from built-in: ViT-B-32
2026-09-15 21:35:46,512 INFO Using default SimpleTokenizer.
2026-09-15 21:35:48,773 INFO completed=8 new=8 elapsed_s=0.800 images_per_s=10.001559 device=mps
2026-09-15 21:35:54,433 INFO completed=88 new=88 elapsed_s=6.460 images_per_s=13.622250 device=mps
2026-09-15 21:36:00,082 INFO completed=168 new=168 elapsed_s=12.108 images_per_s=13.874624 device=mps
2026-09-15 21:36:05,726 INFO completed=248 new=248 elapsed_s=17.752 images_per_s=13.969932 device=mps
2026-09-15 21:36:11,379 INFO completed=328 new=328 elapsed_s=23.405 images_per_s=14.014088 device=mps
2026-09-15 21:36:17,038 INFO completed=408 new=408 elapsed_s=29.065 images_per_s=14.037571 device=mps
2026-09-15 21:36:22,734 INFO completed=488 new=488 elapsed_s=34.760 images_per_s=14.039165 device=mps
2026-09-15 21:36:28,436 INFO completed=568 new=568 elapsed_s=40.462 images_per_s=14.037781 device=mps
2026-09-15 21:36:34,167 INFO completed=648 new=648 elapsed_s=46.193 images_per_s=14.028084 device=mps
2026-09-15 21:36:39,844 INFO completed=728 new=728 elapsed_s=51.870 images_per_s=14.035060 device=mps
2026-09-15 21:36:45,566 INFO completed=808 new=808 elapsed_s=57.592 images_per_s=14.029692 device=mps
2026-09-15 21:36:51,273 INFO completed=888 new=888 elapsed_s=63.299 images_per_s=14.028676 device=mps
2026-09-15 21:36:56,974 INFO completed=968 new=968 elapsed_s=69.001 images_per_s=14.028881 device=mps
2026-09-15 21:37:02,709 INFO completed=1048 new=1048 elapsed_s=74.735 images_per_s=14.022920 device=mps
2026-09-15 21:37:08,411 INFO completed=1128 new=1128 elapsed_s=80.437 images_per_s=14.023388 device=mps
2026-09-15 21:37:14,091 INFO completed=1208 new=1208 elapsed_s=86.117 images_per_s=14.027356 device=mps
2026-09-15 21:37:19,783 INFO completed=1288 new=1288 elapsed_s=91.809 images_per_s=14.029198 device=mps
2026-09-15 21:37:25,693 INFO completed=1368 new=1368 elapsed_s=97.717 images_per_s=13.999548 device=mps
2026-09-15 21:37:31,690 INFO completed=1448 new=1448 elapsed_s=103.714 images_per_s=13.961417 device=mps
2026-09-15 21:37:37,731 INFO completed=1528 new=1528 elapsed_s=109.754 images_per_s=13.922003 device=mps
2026-09-15 21:37:43,774 INFO completed=1608 new=1608 elapsed_s=115.798 images_per_s=13.886279 device=mps
2026-09-15 21:37:49,807 INFO completed=1688 new=1688 elapsed_s=121.830 images_per_s=13.855405 device=mps
2026-09-15 21:37:55,852 INFO completed=1768 new=1768 elapsed_s=127.875 images_per_s=13.826028 device=mps
2026-09-15 21:38:01,908 INFO completed=1848 new=1848 elapsed_s=133.931 images_per_s=13.798113 device=mps
2026-09-15 21:38:07,977 INFO completed=1928 new=1928 elapsed_s=140.000 images_per_s=13.771452 device=mps
2026-09-15 21:38:14,028 INFO completed=2008 new=2008 elapsed_s=146.050 images_per_s=13.748693 device=mps
2026-09-15 21:38:20,099 INFO completed=2088 new=2088 elapsed_s=152.121 images_per_s=13.725887 device=mps
2026-09-15 21:38:26,182 INFO completed=2168 new=2168 elapsed_s=158.204 images_per_s=13.703799 device=mps
2026-09-15 21:38:32,253 INFO completed=2248 new=2248 elapsed_s=164.275 images_per_s=13.684340 device=mps
2026-09-15 21:38:38,320 INFO completed=2328 new=2328 elapsed_s=170.343 images_per_s=13.666566 device=mps
2026-09-15 21:38:44,384 INFO completed=2408 new=2408 elapsed_s=176.406 images_per_s=13.650309 device=mps
2026-09-15 21:38:50,417 INFO completed=2488 new=2488 elapsed_s=182.440 images_per_s=13.637372 device=mps
2026-09-15 21:38:56,475 INFO completed=2568 new=2568 elapsed_s=188.498 images_per_s=13.623522 device=mps
2026-09-15 21:39:02,512 INFO completed=2648 new=2648 elapsed_s=194.535 images_per_s=13.611957 device=mps
2026-09-15 21:39:08,546 INFO completed=2728 new=2728 elapsed_s=200.568 images_per_s=13.601382 device=mps
2026-09-15 21:39:14,581 INFO completed=2808 new=2808 elapsed_s=206.603 images_per_s=13.591294 device=mps
2026-09-15 21:39:20,669 INFO completed=2888 new=2888 elapsed_s=212.691 images_per_s=13.578394 device=mps
2026-09-15 21:39:26,792 INFO completed=2968 new=2968 elapsed_s=218.814 images_per_s=13.564017 device=mps
2026-09-15 21:39:32,948 INFO completed=3048 new=3048 elapsed_s=224.970 images_per_s=13.548463 device=mps
2026-09-15 21:39:39,148 INFO completed=3128 new=3128 elapsed_s=231.170 images_per_s=13.531140 device=mps
2026-09-15 21:39:45,381 INFO completed=3208 new=3208 elapsed_s=237.403 images_per_s=13.512876 device=mps
2026-09-15 21:39:51,619 INFO completed=3288 new=3288 elapsed_s=243.641 images_per_s=13.495268 device=mps
2026-09-15 21:39:57,844 INFO completed=3368 new=3368 elapsed_s=249.866 images_per_s=13.479215 device=mps
2026-09-15 21:40:04,067 INFO completed=3448 new=3448 elapsed_s=256.089 images_per_s=13.464061 device=mps
2026-09-15 21:40:10,325 INFO completed=3528 new=3528 elapsed_s=262.347 images_per_s=13.447827 device=mps
2026-09-15 21:40:16,598 INFO completed=3608 new=3608 elapsed_s=268.620 images_per_s=13.431603 device=mps
2026-09-15 21:40:22,895 INFO completed=3688 new=3688 elapsed_s=274.917 images_per_s=13.414982 device=mps
2026-09-15 21:40:29,187 INFO completed=3768 new=3768 elapsed_s=281.209 images_per_s=13.399290 device=mps
2026-09-15 21:40:35,477 INFO completed=3848 new=3848 elapsed_s=287.499 images_per_s=13.384388 device=mps
2026-09-15 21:40:41,799 INFO completed=3928 new=3928 elapsed_s=293.821 images_per_s=13.368699 device=mps
2026-09-15 21:40:48,173 INFO completed=4008 new=4008 elapsed_s=300.195 images_per_s=13.351324 device=mps
2026-09-15 21:40:54,515 INFO completed=4088 new=4088 elapsed_s=306.536 images_per_s=13.336107 device=mps
2026-09-15 21:41:00,890 INFO completed=4168 new=4168 elapsed_s=312.912 images_per_s=13.320036 device=mps
2026-09-15 21:41:07,292 INFO completed=4248 new=4248 elapsed_s=319.314 images_per_s=13.303536 device=mps
2026-09-15 21:41:13,671 INFO completed=4328 new=4328 elapsed_s=325.693 images_per_s=13.288591 device=mps
2026-09-15 21:41:20,050 INFO completed=4408 new=4408 elapsed_s=332.072 images_per_s=13.274232 device=mps
2026-09-15 21:41:26,369 INFO completed=4488 new=4488 elapsed_s=338.391 images_per_s=13.262774 device=mps
2026-09-15 21:41:32,680 INFO completed=4568 new=4568 elapsed_s=344.702 images_per_s=13.252037 device=mps
2026-09-15 21:41:38,979 INFO completed=4648 new=4648 elapsed_s=351.001 images_per_s=13.242132 device=mps
2026-09-15 21:41:45,292 INFO completed=4728 new=4728 elapsed_s=357.313 images_per_s=13.232081 device=mps
2026-09-15 21:41:51,630 INFO completed=4808 new=4808 elapsed_s=363.651 images_per_s=13.221467 device=mps
2026-09-15 21:41:57,920 INFO completed=4888 new=4888 elapsed_s=369.941 images_per_s=13.212916 device=mps
2026-09-15 21:42:04,240 INFO completed=4968 new=4968 elapsed_s=376.261 images_per_s=13.203598 device=mps
2026-09-15 21:42:10,520 INFO completed=5048 new=5048 elapsed_s=382.541 images_per_s=13.195961 device=mps
2026-09-15 21:42:16,844 INFO completed=5128 new=5128 elapsed_s=388.865 images_per_s=13.187081 device=mps
2026-09-15 21:42:23,125 INFO completed=5208 new=5208 elapsed_s=395.147 images_per_s=13.179918 device=mps
2026-09-15 21:42:29,428 INFO completed=5288 new=5288 elapsed_s=401.449 images_per_s=13.172273 device=mps
2026-09-15 21:42:35,715 INFO completed=5368 new=5368 elapsed_s=407.737 images_per_s=13.165362 device=mps
2026-09-15 21:42:42,015 INFO completed=5448 new=5448 elapsed_s=414.036 images_per_s=13.158263 device=mps
2026-09-15 21:42:48,275 INFO completed=5528 new=5528 elapsed_s=420.296 images_per_s=13.152647 device=mps
2026-09-15 21:42:54,537 INFO completed=5608 new=5608 elapsed_s=426.558 images_per_s=13.147100 device=mps
2026-09-15 21:43:00,823 INFO completed=5688 new=5688 elapsed_s=432.844 images_per_s=13.140991 device=mps
2026-09-15 21:43:07,066 INFO completed=5768 new=5768 elapsed_s=439.087 images_per_s=13.136351 device=mps
2026-09-15 21:43:13,283 INFO completed=5848 new=5848 elapsed_s=445.304 images_per_s=13.132606 device=mps
2026-09-15 21:43:19,543 INFO completed=5928 new=5928 elapsed_s=451.563 images_per_s=13.127725 device=mps
2026-09-15 21:43:25,779 INFO completed=6008 new=6008 elapsed_s=457.800 images_per_s=13.123637 device=mps
2026-09-15 21:43:32,043 INFO completed=6088 new=6088 elapsed_s=464.064 images_per_s=13.118890 device=mps
2026-09-15 21:43:38,298 INFO completed=6168 new=6168 elapsed_s=470.319 images_per_s=13.114506 device=mps
2026-09-15 21:43:44,494 INFO completed=6248 new=6248 elapsed_s=476.515 images_per_s=13.111870 device=mps
2026-09-15 21:43:50,657 INFO completed=6328 new=6328 elapsed_s=482.678 images_per_s=13.110187 device=mps
2026-09-15 21:43:56,829 INFO completed=6408 new=6408 elapsed_s=488.849 images_per_s=13.108336 device=mps
2026-09-15 21:44:03,024 INFO completed=6488 new=6488 elapsed_s=495.045 images_per_s=13.105886 device=mps
2026-09-15 21:44:09,221 INFO completed=6568 new=6568 elapsed_s=501.241 images_per_s=13.103467 device=mps
2026-09-15 21:44:15,439 INFO completed=6648 new=6648 elapsed_s=507.460 images_per_s=13.100550 device=mps
2026-09-15 21:44:21,641 INFO completed=6728 new=6728 elapsed_s=513.662 images_per_s=13.098113 device=mps
2026-09-15 21:44:27,822 INFO completed=6808 new=6808 elapsed_s=519.842 images_per_s=13.096277 device=mps
2026-09-15 21:44:33,999 INFO completed=6888 new=6888 elapsed_s=526.019 images_per_s=13.094576 device=mps
2026-09-15 21:44:40,167 INFO completed=6968 new=6968 elapsed_s=532.187 images_per_s=13.093141 device=mps
2026-09-15 21:44:46,334 INFO completed=7048 new=7048 elapsed_s=538.354 images_per_s=13.091761 device=mps
2026-09-15 21:44:52,467 INFO completed=7128 new=7128 elapsed_s=544.488 images_per_s=13.091210 device=mps
2026-09-15 21:44:58,635 INFO completed=7208 new=7208 elapsed_s=550.655 images_per_s=13.089868 device=mps
2026-09-15 21:45:04,780 INFO completed=7288 new=7288 elapsed_s=556.800 images_per_s=13.089078 device=mps
2026-09-15 21:45:10,922 INFO completed=7368 new=7368 elapsed_s=562.942 images_per_s=13.088388 device=mps
2026-09-15 21:45:17,098 INFO completed=7448 new=7448 elapsed_s=569.118 images_per_s=13.086914 device=mps
2026-09-15 21:45:23,214 INFO completed=7528 new=7528 elapsed_s=575.234 images_per_s=13.086843 device=mps
2026-09-15 21:45:29,394 INFO completed=7608 new=7608 elapsed_s=581.414 images_per_s=13.085330 device=mps
2026-09-15 21:45:35,500 INFO completed=7688 new=7688 elapsed_s=587.520 images_per_s=13.085503 device=mps
2026-09-15 21:45:41,637 INFO completed=7768 new=7768 elapsed_s=593.657 images_per_s=13.084993 device=mps
2026-09-15 21:45:47,751 INFO completed=7848 new=7848 elapsed_s=599.771 images_per_s=13.084997 device=mps
2026-09-15 21:45:53,900 INFO completed=7928 new=7928 elapsed_s=605.919 images_per_s=13.084248 device=mps
2026-09-15 21:46:00,036 INFO completed=8008 new=8008 elapsed_s=612.056 images_per_s=13.083775 device=mps
2026-09-15 21:46:06,168 INFO completed=8088 new=8088 elapsed_s=618.188 images_per_s=13.083392 device=mps
2026-09-15 21:46:12,289 INFO completed=8168 new=8168 elapsed_s=624.309 images_per_s=13.083274 device=mps
2026-09-15 21:46:18,426 INFO completed=8248 new=8248 elapsed_s=630.446 images_per_s=13.082806 device=mps
2026-09-15 21:46:24,537 INFO completed=8328 new=8328 elapsed_s=636.557 images_per_s=13.082879 device=mps
2026-09-15 21:46:30,675 INFO completed=8408 new=8408 elapsed_s=642.695 images_per_s=13.082410 device=mps
2026-09-15 21:46:36,802 INFO completed=8488 new=8488 elapsed_s=648.822 images_per_s=13.082177 device=mps
2026-09-15 21:46:42,932 INFO completed=8568 new=8568 elapsed_s=654.952 images_per_s=13.081883 device=mps
2026-09-15 21:46:49,041 INFO completed=8648 new=8648 elapsed_s=661.061 images_per_s=13.082007 device=mps
2026-09-15 21:46:55,197 INFO completed=8728 new=8728 elapsed_s=667.216 images_per_s=13.081217 device=mps
2026-09-15 21:47:01,331 INFO completed=8808 new=8808 elapsed_s=673.351 images_per_s=13.080850 device=mps
2026-09-15 21:47:07,434 INFO completed=8888 new=8888 elapsed_s=679.453 images_per_s=13.081109 device=mps
2026-09-15 21:47:13,567 INFO completed=8968 new=8968 elapsed_s=685.586 images_per_s=13.080774 device=mps
2026-09-15 21:47:19,670 INFO completed=9048 new=9048 elapsed_s=691.689 images_per_s=13.081019 device=mps
2026-09-15 21:47:25,778 INFO completed=9128 new=9128 elapsed_s=697.798 images_per_s=13.081156 device=mps
2026-09-15 21:47:31,896 INFO completed=9208 new=9208 elapsed_s=703.915 images_per_s=13.081120 device=mps
2026-09-15 21:47:38,010 INFO completed=9288 new=9288 elapsed_s=710.029 images_per_s=13.081156 device=mps
2026-09-15 21:47:44,127 INFO completed=9368 new=9368 elapsed_s=716.146 images_per_s=13.081123 device=mps
2026-09-15 21:47:50,270 INFO completed=9448 new=9448 elapsed_s=722.289 images_per_s=13.080634 device=mps
2026-09-15 21:47:56,349 INFO completed=9528 new=9528 elapsed_s=728.368 images_per_s=13.081293 device=mps
2026-09-15 21:48:02,469 INFO completed=9608 new=9608 elapsed_s=734.488 images_per_s=13.081216 device=mps
2026-09-15 21:48:08,571 INFO completed=9688 new=9688 elapsed_s=740.590 images_per_s=13.081461 device=mps
2026-09-15 21:48:14,714 INFO completed=9768 new=9768 elapsed_s=746.734 images_per_s=13.080972 device=mps
2026-09-15 21:48:20,900 INFO completed=9848 new=9848 elapsed_s=752.919 images_per_s=13.079758 device=mps
2026-09-15 21:48:27,035 INFO completed=9928 new=9928 elapsed_s=759.054 images_per_s=13.079430 device=mps
2026-09-15 21:48:33,188 INFO completed=10008 new=10008 elapsed_s=765.207 images_per_s=13.078812 device=mps
2026-09-15 21:48:39,347 INFO completed=10088 new=10088 elapsed_s=771.366 images_per_s=13.078091 device=mps
2026-09-15 21:48:45,527 INFO completed=10168 new=10168 elapsed_s=777.546 images_per_s=13.077036 device=mps
2026-09-15 21:48:51,688 INFO completed=10248 new=10248 elapsed_s=783.707 images_per_s=13.076319 device=mps
2026-09-15 21:48:57,871 INFO completed=10328 new=10328 elapsed_s=789.890 images_per_s=13.075241 device=mps
2026-09-15 21:49:04,041 INFO completed=10408 new=10408 elapsed_s=796.060 images_per_s=13.074394 device=mps
2026-09-15 21:49:10,230 INFO completed=10488 new=10488 elapsed_s=802.249 images_per_s=13.073253 device=mps
2026-09-15 21:49:16,392 INFO completed=10568 new=10568 elapsed_s=808.411 images_per_s=13.072555 device=mps
2026-09-15 21:49:22,645 INFO completed=10648 new=10648 elapsed_s=814.664 images_per_s=13.070418 device=mps
2026-09-15 21:49:28,791 INFO completed=10728 new=10728 elapsed_s=820.810 images_per_s=13.070017 device=mps
2026-09-15 21:49:34,987 INFO completed=10808 new=10808 elapsed_s=827.006 images_per_s=13.068834 device=mps
2026-09-15 21:49:41,216 INFO completed=10888 new=10888 elapsed_s=833.235 images_per_s=13.067146 device=mps
2026-09-15 21:49:47,411 INFO completed=10968 new=10968 elapsed_s=839.430 images_per_s=13.066015 device=mps
2026-09-15 21:49:53,583 INFO completed=11048 new=11048 elapsed_s=845.601 images_per_s=13.065261 device=mps
2026-09-15 21:49:59,765 INFO completed=11128 new=11128 elapsed_s=851.784 images_per_s=13.064346 device=mps
2026-09-15 21:50:05,983 INFO completed=11208 new=11208 elapsed_s=858.001 images_per_s=13.062921 device=mps
2026-09-15 21:50:12,148 INFO completed=11288 new=11288 elapsed_s=864.166 images_per_s=13.062298 device=mps
2026-09-15 21:50:18,331 INFO completed=11368 new=11368 elapsed_s=870.350 images_per_s=13.061417 device=mps
2026-09-15 21:50:24,546 INFO completed=11448 new=11448 elapsed_s=876.564 images_per_s=13.060079 device=mps
2026-09-15 21:50:30,713 INFO completed=11528 new=11528 elapsed_s=882.732 images_per_s=13.059463 device=mps
2026-09-15 21:50:36,896 INFO completed=11608 new=11608 elapsed_s=888.914 images_per_s=13.058624 device=mps
2026-09-15 21:50:43,075 INFO completed=11688 new=11688 elapsed_s=895.093 images_per_s=13.057858 device=mps
2026-09-15 21:50:49,258 INFO completed=11768 new=11768 elapsed_s=901.276 images_per_s=13.057046 device=mps
2026-09-15 21:50:55,464 INFO completed=11848 new=11848 elapsed_s=907.482 images_per_s=13.055909 device=mps
2026-09-15 21:51:01,650 INFO completed=11928 new=11928 elapsed_s=913.668 images_per_s=13.055069 device=mps
2026-09-15 21:51:07,873 INFO completed=12008 new=12008 elapsed_s=919.891 images_per_s=13.053716 device=mps
2026-09-15 21:51:14,054 INFO completed=12088 new=12088 elapsed_s=926.072 images_per_s=13.052975 device=mps
2026-09-15 21:51:20,249 INFO completed=12168 new=12168 elapsed_s=932.267 images_per_s=13.052060 device=mps
2026-09-15 21:51:26,458 INFO completed=12248 new=12248 elapsed_s=938.476 images_per_s=13.050946 device=mps
2026-09-15 21:51:32,646 INFO completed=12328 new=12328 elapsed_s=944.664 images_per_s=13.050145 device=mps
2026-09-15 21:51:38,840 INFO completed=12408 new=12408 elapsed_s=950.858 images_per_s=13.049263 device=mps
2026-09-15 21:51:45,039 INFO completed=12488 new=12488 elapsed_s=957.057 images_per_s=13.048339 device=mps
2026-09-15 21:51:51,220 INFO completed=12568 new=12568 elapsed_s=963.238 images_per_s=13.047663 device=mps
2026-09-15 21:51:57,398 INFO completed=12648 new=12648 elapsed_s=969.416 images_per_s=13.047036 device=mps
2026-09-15 21:52:03,644 INFO completed=12728 new=12728 elapsed_s=975.662 images_per_s=13.045504 device=mps
2026-09-15 21:52:09,828 INFO completed=12808 new=12808 elapsed_s=981.846 images_per_s=13.044819 device=mps
2026-09-15 21:52:16,017 INFO completed=12888 new=12888 elapsed_s=988.034 images_per_s=13.044082 device=mps
2026-09-15 21:52:22,209 INFO completed=12968 new=12968 elapsed_s=994.227 images_per_s=13.043302 device=mps
2026-09-15 21:52:28,376 INFO completed=13048 new=13048 elapsed_s=1000.394 images_per_s=13.042861 device=mps
2026-09-15 21:52:34,565 INFO completed=13128 new=13128 elapsed_s=1006.583 images_per_s=13.042145 device=mps
2026-09-15 21:52:40,741 INFO completed=13208 new=13208 elapsed_s=1012.758 images_per_s=13.041611 device=mps
2026-09-15 21:52:46,911 INFO completed=13288 new=13288 elapsed_s=1018.928 images_per_s=13.041153 device=mps
2026-09-15 21:52:53,089 INFO completed=13368 new=13368 elapsed_s=1025.107 images_per_s=13.040594 device=mps
2026-09-15 21:52:59,333 INFO completed=13448 new=13448 elapsed_s=1031.350 images_per_s=13.039216 device=mps
2026-09-15 21:53:05,513 INFO completed=13528 new=13528 elapsed_s=1037.531 images_per_s=13.038649 device=mps
2026-09-15 21:53:11,724 INFO completed=13608 new=13608 elapsed_s=1043.742 images_per_s=13.037710 device=mps
2026-09-15 21:53:17,897 INFO completed=13688 new=13688 elapsed_s=1049.915 images_per_s=13.037249 device=mps
2026-09-15 21:53:24,103 INFO completed=13768 new=13768 elapsed_s=1056.120 images_per_s=13.036397 device=mps
2026-09-15 21:53:30,255 INFO completed=13848 new=13848 elapsed_s=1062.272 images_per_s=13.036205 device=mps
2026-09-15 21:53:36,422 INFO completed=13928 new=13928 elapsed_s=1068.440 images_per_s=13.035833 device=mps
2026-09-15 21:53:42,619 INFO completed=14008 new=14008 elapsed_s=1074.636 images_per_s=13.035111 device=mps
2026-09-15 21:53:48,837 INFO completed=14088 new=14088 elapsed_s=1080.854 images_per_s=13.034138 device=mps
2026-09-15 21:53:55,063 INFO completed=14168 new=14168 elapsed_s=1087.080 images_per_s=13.033077 device=mps
2026-09-15 21:54:01,238 INFO completed=14248 new=14248 elapsed_s=1093.256 images_per_s=13.032634 device=mps
2026-09-15 21:54:07,432 INFO completed=14328 new=14328 elapsed_s=1099.449 images_per_s=13.031984 device=mps
2026-09-15 21:54:13,627 INFO completed=14408 new=14408 elapsed_s=1105.644 images_per_s=13.031316 device=mps
2026-09-15 21:54:19,805 INFO completed=14488 new=14488 elapsed_s=1111.822 images_per_s=13.030867 device=mps
2026-09-15 21:54:25,977 INFO completed=14568 new=14568 elapsed_s=1117.994 images_per_s=13.030485 device=mps
2026-09-15 21:54:32,162 INFO completed=14648 new=14648 elapsed_s=1124.179 images_per_s=13.029948 device=mps
2026-09-15 21:54:38,365 INFO completed=14728 new=14728 elapsed_s=1130.382 images_per_s=13.029226 device=mps
2026-09-15 21:54:44,555 INFO completed=14808 new=14808 elapsed_s=1136.572 images_per_s=13.028650 device=mps
2026-09-15 21:54:50,725 INFO completed=14888 new=14888 elapsed_s=1142.742 images_per_s=13.028312 device=mps
2026-09-15 21:54:56,917 INFO completed=14968 new=14968 elapsed_s=1148.934 images_per_s=13.027729 device=mps
2026-09-15 21:55:03,079 INFO completed=15048 new=15048 elapsed_s=1155.096 images_per_s=13.027484 device=mps
2026-09-15 21:55:09,242 INFO completed=15128 new=15128 elapsed_s=1161.259 images_per_s=13.027243 device=mps
2026-09-15 21:55:15,399 INFO completed=15208 new=15208 elapsed_s=1167.415 images_per_s=13.027069 device=mps
2026-09-15 21:55:21,568 INFO completed=15288 new=15288 elapsed_s=1173.585 images_per_s=13.026753 device=mps
2026-09-15 21:55:27,741 INFO completed=15368 new=15368 elapsed_s=1179.758 images_per_s=13.026399 device=mps
2026-09-15 21:55:33,903 INFO completed=15448 new=15448 elapsed_s=1185.920 images_per_s=13.026174 device=mps
2026-09-15 21:55:40,184 INFO completed=15528 new=15528 elapsed_s=1192.200 images_per_s=13.024658 device=mps
2026-09-15 21:55:46,353 INFO completed=15608 new=15608 elapsed_s=1198.369 images_per_s=13.024364 device=mps
2026-09-15 21:55:52,529 INFO completed=15688 new=15688 elapsed_s=1204.546 images_per_s=13.023993 device=mps
2026-09-15 21:55:58,681 INFO completed=15768 new=15768 elapsed_s=1210.697 images_per_s=13.023898 device=mps
2026-09-15 21:56:04,873 INFO completed=15848 new=15848 elapsed_s=1216.889 images_per_s=13.023368 device=mps
2026-09-15 21:56:11,062 INFO completed=15928 new=15928 elapsed_s=1223.079 images_per_s=13.022875 device=mps
2026-09-15 21:56:17,231 INFO completed=16008 new=16008 elapsed_s=1229.248 images_per_s=13.022601 device=mps
2026-09-15 21:56:23,453 INFO completed=16088 new=16088 elapsed_s=1235.469 images_per_s=13.021771 device=mps
2026-09-15 21:56:29,609 INFO completed=16168 new=16168 elapsed_s=1241.626 images_per_s=13.021637 device=mps
2026-09-15 21:56:35,785 INFO completed=16248 new=16248 elapsed_s=1247.801 images_per_s=13.021302 device=mps
2026-09-15 21:56:41,957 INFO completed=16328 new=16328 elapsed_s=1253.974 images_per_s=13.021006 device=mps
2026-09-15 21:56:48,128 INFO completed=16408 new=16408 elapsed_s=1260.145 images_per_s=13.020729 device=mps
2026-09-15 21:56:54,278 INFO completed=16488 new=16488 elapsed_s=1266.295 images_per_s=13.020666 device=mps
2026-09-15 21:57:00,472 INFO completed=16568 new=16568 elapsed_s=1272.489 images_per_s=13.020156 device=mps
2026-09-15 21:57:06,613 INFO completed=16648 new=16648 elapsed_s=1278.629 images_per_s=13.020194 device=mps
2026-09-15 21:57:12,812 INFO completed=16728 new=16728 elapsed_s=1284.828 images_per_s=13.019644 device=mps
2026-09-15 21:57:18,994 INFO completed=16808 new=16808 elapsed_s=1291.010 images_per_s=13.019267 device=mps
2026-09-15 21:57:25,162 INFO completed=16888 new=16888 elapsed_s=1297.178 images_per_s=13.019032 device=mps
2026-09-15 21:57:31,329 INFO completed=16968 new=16968 elapsed_s=1303.345 images_per_s=13.018810 device=mps
2026-09-15 21:57:37,570 INFO completed=17048 new=17048 elapsed_s=1309.586 images_per_s=13.017855 device=mps
2026-09-15 21:57:43,756 INFO completed=17128 new=17128 elapsed_s=1315.772 images_per_s=13.017449 device=mps
2026-09-15 21:57:49,945 INFO completed=17208 new=17208 elapsed_s=1321.961 images_per_s=13.017030 device=mps
2026-09-15 21:57:56,113 INFO completed=17288 new=17288 elapsed_s=1328.129 images_per_s=13.016811 device=mps
2026-09-15 21:58:02,275 INFO completed=17368 new=17368 elapsed_s=1334.291 images_per_s=13.016651 device=mps
2026-09-15 21:58:08,451 INFO completed=17448 new=17448 elapsed_s=1340.467 images_per_s=13.016358 device=mps
2026-09-15 21:58:14,626 INFO completed=17528 new=17528 elapsed_s=1346.642 images_per_s=13.016081 device=mps
2026-09-15 21:58:20,827 INFO completed=17608 new=17608 elapsed_s=1352.843 images_per_s=13.015557 device=mps
2026-09-15 21:58:27,008 INFO completed=17688 new=17688 elapsed_s=1359.023 images_per_s=13.015228 device=mps
2026-09-15 21:58:33,212 INFO completed=17768 new=17768 elapsed_s=1365.228 images_per_s=13.014679 device=mps
2026-09-15 21:58:39,375 INFO completed=17848 new=17848 elapsed_s=1371.391 images_per_s=13.014525 device=mps
2026-09-15 21:58:45,581 INFO completed=17928 new=17928 elapsed_s=1377.596 images_per_s=13.013972 device=mps
2026-09-15 21:58:51,778 INFO completed=18008 new=18008 elapsed_s=1383.793 images_per_s=13.013504 device=mps
2026-09-15 21:58:57,972 INFO completed=18088 new=18088 elapsed_s=1389.988 images_per_s=13.013062 device=mps
2026-09-15 21:59:04,149 INFO completed=18168 new=18168 elapsed_s=1396.164 images_per_s=13.012795 device=mps
2026-09-15 21:59:10,337 INFO completed=18248 new=18248 elapsed_s=1402.352 images_per_s=13.012423 device=mps
2026-09-15 21:59:16,514 INFO completed=18328 new=18328 elapsed_s=1408.529 images_per_s=13.012153 device=mps
2026-09-15 21:59:22,697 INFO completed=18408 new=18408 elapsed_s=1414.712 images_per_s=13.011835 device=mps
2026-09-15 21:59:28,905 INFO completed=18488 new=18488 elapsed_s=1420.920 images_per_s=13.011288 device=mps
2026-09-15 21:59:35,168 INFO completed=18568 new=18568 elapsed_s=1427.184 images_per_s=13.010238 device=mps
2026-09-15 21:59:41,343 INFO completed=18648 new=18648 elapsed_s=1433.359 images_per_s=13.010003 device=mps
2026-09-15 21:59:47,506 INFO completed=18728 new=18728 elapsed_s=1439.521 images_per_s=13.009880 device=mps
2026-09-15 21:59:53,706 INFO completed=18808 new=18808 elapsed_s=1445.721 images_per_s=13.009424 device=mps
2026-09-15 21:59:59,877 INFO completed=18888 new=18888 elapsed_s=1451.892 images_per_s=13.009232 device=mps
2026-09-15 22:00:06,054 INFO completed=18968 new=18968 elapsed_s=1458.070 images_per_s=13.008982 device=mps
2026-09-15 22:00:12,256 INFO completed=19048 new=19048 elapsed_s=1464.272 images_per_s=13.008516 device=mps
2026-09-15 22:00:18,437 INFO completed=19128 new=19128 elapsed_s=1470.452 images_per_s=13.008248 device=mps
2026-09-15 22:00:24,620 INFO completed=19208 new=19208 elapsed_s=1476.635 images_per_s=13.007952 device=mps
2026-09-15 22:00:30,833 INFO completed=19288 new=19288 elapsed_s=1482.848 images_per_s=13.007406 device=mps
2026-09-15 22:00:37,040 INFO completed=19368 new=19368 elapsed_s=1489.055 images_per_s=13.006908 device=mps
2026-09-15 22:00:43,249 INFO completed=19448 new=19448 elapsed_s=1495.264 images_per_s=13.006403 device=mps
2026-09-15 22:00:49,410 INFO completed=19528 new=19528 elapsed_s=1501.425 images_per_s=13.006313 device=mps
2026-09-15 22:00:55,594 INFO completed=19608 new=19608 elapsed_s=1507.609 images_per_s=13.006023 device=mps
2026-09-15 22:01:01,786 INFO completed=19688 new=19688 elapsed_s=1513.800 images_per_s=13.005678 device=mps
2026-09-15 22:01:07,998 INFO completed=19768 new=19768 elapsed_s=1520.013 images_per_s=13.005152 device=mps
2026-09-15 22:01:14,190 INFO completed=19848 new=19848 elapsed_s=1526.205 images_per_s=13.004806 device=mps
2026-09-15 22:01:20,354 INFO completed=19928 new=19928 elapsed_s=1532.368 images_per_s=13.004707 device=mps
2026-09-15 22:01:26,566 INFO completed=20008 new=20008 elapsed_s=1538.581 images_per_s=13.004191 device=mps
2026-09-15 22:01:32,745 INFO completed=20088 new=20088 elapsed_s=1544.760 images_per_s=13.003964 device=mps
2026-09-15 22:01:38,954 INFO completed=20168 new=20168 elapsed_s=1550.968 images_per_s=13.003491 device=mps
2026-09-15 22:01:45,154 INFO completed=20248 new=20248 elapsed_s=1557.168 images_per_s=13.003093 device=mps
2026-09-15 22:01:51,343 INFO completed=20328 new=20328 elapsed_s=1563.357 images_per_s=13.002785 device=mps
2026-09-15 22:01:57,511 INFO completed=20408 new=20408 elapsed_s=1569.526 images_per_s=13.002654 device=mps
2026-09-15 22:02:03,704 INFO completed=20488 new=20488 elapsed_s=1575.719 images_per_s=13.002322 device=mps
2026-09-15 22:02:09,874 INFO completed=20568 new=20568 elapsed_s=1581.888 images_per_s=13.002182 device=mps
2026-09-15 22:02:16,073 INFO completed=20648 new=20648 elapsed_s=1588.088 images_per_s=13.001801 device=mps
2026-09-15 22:02:22,334 INFO completed=20728 new=20728 elapsed_s=1594.349 images_per_s=13.000921 device=mps
2026-09-15 22:02:28,518 INFO completed=20808 new=20808 elapsed_s=1600.533 images_per_s=13.000672 device=mps
2026-09-15 22:02:34,706 INFO completed=20888 new=20888 elapsed_s=1606.721 images_per_s=13.000394 device=mps
2026-09-15 22:02:40,922 INFO completed=20968 new=20968 elapsed_s=1612.936 images_per_s=12.999896 device=mps
2026-09-15 22:02:47,108 INFO completed=21048 new=21048 elapsed_s=1619.123 images_per_s=12.999634 device=mps
2026-09-15 22:02:53,304 INFO completed=21128 new=21128 elapsed_s=1625.318 images_per_s=12.999304 device=mps
2026-09-15 22:02:59,469 INFO completed=21208 new=21208 elapsed_s=1631.483 images_per_s=12.999217 device=mps
2026-09-15 22:03:05,653 INFO completed=21288 new=21288 elapsed_s=1637.667 images_per_s=12.998978 device=mps
2026-09-15 22:03:11,822 INFO completed=21368 new=21368 elapsed_s=1643.836 images_per_s=12.998862 device=mps
2026-09-15 22:03:18,022 INFO completed=21448 new=21448 elapsed_s=1650.036 images_per_s=12.998505 device=mps
2026-09-15 22:03:24,220 INFO completed=21528 new=21528 elapsed_s=1656.234 images_per_s=12.998162 device=mps
2026-09-15 22:03:30,426 INFO completed=21608 new=21608 elapsed_s=1662.439 images_per_s=12.997767 device=mps
2026-09-15 22:03:36,612 INFO completed=21688 new=21688 elapsed_s=1668.625 images_per_s=12.997525 device=mps
2026-09-15 22:03:42,797 INFO completed=21768 new=21768 elapsed_s=1674.811 images_per_s=12.997291 device=mps
2026-09-15 22:03:48,993 INFO completed=21848 new=21848 elapsed_s=1681.007 images_per_s=12.996975 device=mps
2026-09-15 22:03:55,168 INFO completed=21928 new=21928 elapsed_s=1687.181 images_per_s=12.996824 device=mps
2026-09-15 22:04:01,377 INFO completed=22008 new=22008 elapsed_s=1693.391 images_per_s=12.996408 device=mps
2026-09-15 22:04:07,579 INFO completed=22088 new=22088 elapsed_s=1699.592 images_per_s=12.996057 device=mps
2026-09-15 22:04:13,752 INFO completed=22168 new=22168 elapsed_s=1705.766 images_per_s=12.995920 device=mps
2026-09-15 22:04:19,930 INFO completed=22248 new=22248 elapsed_s=1711.944 images_per_s=12.995754 device=mps
2026-09-15 22:04:26,130 INFO completed=22328 new=22328 elapsed_s=1718.144 images_per_s=12.995422 device=mps
2026-09-15 22:04:32,330 INFO completed=22408 new=22408 elapsed_s=1724.344 images_per_s=12.995091 device=mps
2026-09-15 22:04:38,549 INFO completed=22488 new=22488 elapsed_s=1730.563 images_per_s=12.994617 device=mps
2026-09-15 22:04:44,749 INFO completed=22568 new=22568 elapsed_s=1736.762 images_per_s=12.994296 device=mps
2026-09-15 22:04:50,934 INFO completed=22648 new=22648 elapsed_s=1742.947 images_per_s=12.994083 device=mps
2026-09-15 22:04:57,113 INFO completed=22728 new=22728 elapsed_s=1749.127 images_per_s=12.993913 device=mps
2026-09-15 22:05:03,300 INFO completed=22808 new=22808 elapsed_s=1755.313 images_per_s=12.993694 device=mps
2026-09-15 22:05:09,512 INFO completed=22888 new=22888 elapsed_s=1761.526 images_per_s=12.993282 device=mps
2026-09-15 22:05:15,694 INFO completed=22968 new=22968 elapsed_s=1767.707 images_per_s=12.993104 device=mps
2026-09-15 22:05:21,903 INFO completed=23048 new=23048 elapsed_s=1773.916 images_per_s=12.992721 device=mps
2026-09-15 22:05:28,097 INFO completed=23128 new=23128 elapsed_s=1780.110 images_per_s=12.992452 device=mps
2026-09-15 22:05:34,322 INFO completed=23208 new=23208 elapsed_s=1786.335 images_per_s=12.991963 device=mps
2026-09-15 22:05:40,511 INFO completed=23288 new=23288 elapsed_s=1792.525 images_per_s=12.991733 device=mps
2026-09-15 22:05:46,719 INFO completed=23368 new=23368 elapsed_s=1798.732 images_per_s=12.991377 device=mps
2026-09-15 22:05:52,909 INFO completed=23448 new=23448 elapsed_s=1804.922 images_per_s=12.991145 device=mps
2026-09-15 22:05:59,123 INFO completed=23528 new=23528 elapsed_s=1811.136 images_per_s=12.990743 device=mps
2026-09-15 22:06:05,359 INFO completed=23608 new=23608 elapsed_s=1817.372 images_per_s=12.990183 device=mps
2026-09-15 22:06:11,561 INFO completed=23688 new=23688 elapsed_s=1823.574 images_per_s=12.989877 device=mps
2026-09-15 22:06:17,811 INFO completed=23768 new=23768 elapsed_s=1829.824 images_per_s=12.989229 device=mps
2026-09-15 22:06:24,036 INFO completed=23848 new=23848 elapsed_s=1836.049 images_per_s=12.988762 device=mps
2026-09-15 22:06:30,257 INFO completed=23928 new=23928 elapsed_s=1842.270 images_per_s=12.988324 device=mps
2026-09-15 22:06:36,470 INFO completed=24008 new=24008 elapsed_s=1848.483 images_per_s=12.987949 device=mps
2026-09-15 22:06:42,702 INFO completed=24088 new=24088 elapsed_s=1854.715 images_per_s=12.987443 device=mps
2026-09-15 22:06:48,921 INFO completed=24168 new=24168 elapsed_s=1860.934 images_per_s=12.987028 device=mps
2026-09-15 22:06:55,183 INFO completed=24248 new=24248 elapsed_s=1867.195 images_per_s=12.986323 device=mps
2026-09-15 22:07:01,424 INFO completed=24328 new=24328 elapsed_s=1873.436 images_per_s=12.985763 device=mps
2026-09-15 22:07:07,701 INFO completed=24408 new=24408 elapsed_s=1879.714 images_per_s=12.984956 device=mps
2026-09-15 22:07:13,950 INFO completed=24488 new=24488 elapsed_s=1885.962 images_per_s=12.984353 device=mps
2026-09-15 22:07:20,225 INFO completed=24568 new=24568 elapsed_s=1892.237 images_per_s=12.983574 device=mps
2026-09-15 22:07:26,478 INFO completed=24648 new=24648 elapsed_s=1898.491 images_per_s=12.982945 device=mps
2026-09-15 22:07:32,762 INFO completed=24728 new=24728 elapsed_s=1904.775 images_per_s=12.982112 device=mps
2026-09-15 22:07:39,009 INFO completed=24808 new=24808 elapsed_s=1911.021 images_per_s=12.981540 device=mps
2026-09-15 22:07:45,279 INFO completed=24888 new=24888 elapsed_s=1917.291 images_per_s=12.980816 device=mps
2026-09-15 22:07:51,552 INFO completed=24968 new=24968 elapsed_s=1923.564 images_per_s=12.980070 device=mps
2026-09-15 22:07:57,964 INFO completed=25048 new=25048 elapsed_s=1929.976 images_per_s=12.978398 device=mps
2026-09-15 22:08:04,261 INFO completed=25128 new=25128 elapsed_s=1936.274 images_per_s=12.977504 device=mps
2026-09-15 22:08:10,536 INFO completed=25208 new=25208 elapsed_s=1942.548 images_per_s=12.976772 device=mps
2026-09-15 22:08:16,809 INFO completed=25288 new=25288 elapsed_s=1948.821 images_per_s=12.976048 device=mps
2026-09-15 22:08:23,084 INFO completed=25368 new=25368 elapsed_s=1955.096 images_per_s=12.975319 device=mps
2026-09-15 22:08:29,351 INFO completed=25448 new=25448 elapsed_s=1961.363 images_per_s=12.974653 device=mps
2026-09-15 22:08:35,625 INFO completed=25528 new=25528 elapsed_s=1967.637 images_per_s=12.973935 device=mps
2026-09-15 22:08:41,911 INFO completed=25608 new=25608 elapsed_s=1973.923 images_per_s=12.973149 device=mps
2026-09-15 22:08:48,176 INFO completed=25688 new=25688 elapsed_s=1980.188 images_per_s=12.972509 device=mps
2026-09-15 22:08:54,455 INFO completed=25768 new=25768 elapsed_s=1986.466 images_per_s=12.971777 device=mps
2026-09-15 22:09:00,730 INFO completed=25848 new=25848 elapsed_s=1992.742 images_per_s=12.971072 device=mps
2026-09-15 22:09:07,017 INFO completed=25928 new=25928 elapsed_s=1999.029 images_per_s=12.970299 device=mps
2026-09-15 22:09:13,392 INFO completed=26008 new=26008 elapsed_s=2005.404 images_per_s=12.968957 device=mps
2026-09-15 22:09:19,690 INFO completed=26088 new=26088 elapsed_s=2011.701 images_per_s=12.968130 device=mps
2026-09-15 22:09:26,015 INFO completed=26168 new=26168 elapsed_s=2018.025 images_per_s=12.967131 device=mps
2026-09-15 22:09:32,308 INFO completed=26248 new=26248 elapsed_s=2024.318 images_per_s=12.966340 device=mps
2026-09-15 22:09:38,599 INFO completed=26328 new=26328 elapsed_s=2030.609 images_per_s=12.965567 device=mps
2026-09-15 22:09:44,863 INFO completed=26408 new=26408 elapsed_s=2036.873 images_per_s=12.964971 device=mps
2026-09-15 22:09:51,137 INFO completed=26488 new=26488 elapsed_s=2043.147 images_per_s=12.964315 device=mps
2026-09-15 22:09:57,488 INFO completed=26568 new=26568 elapsed_s=2049.498 images_per_s=12.963176 device=mps
2026-09-15 22:10:03,737 INFO completed=26648 new=26648 elapsed_s=2055.747 images_per_s=12.962684 device=mps
2026-09-15 22:10:10,088 INFO completed=26728 new=26728 elapsed_s=2062.097 images_per_s=12.961560 device=mps
2026-09-15 22:10:16,421 INFO completed=26808 new=26808 elapsed_s=2068.431 images_per_s=12.960549 device=mps
2026-09-15 22:10:22,698 INFO completed=26888 new=26888 elapsed_s=2074.708 images_per_s=12.959899 device=mps
2026-09-15 22:10:28,967 INFO completed=26968 new=26968 elapsed_s=2080.977 images_per_s=12.959299 device=mps
2026-09-15 22:10:35,215 INFO completed=27048 new=27048 elapsed_s=2087.224 images_per_s=12.958837 device=mps
2026-09-15 22:10:41,484 INFO completed=27128 new=27128 elapsed_s=2093.494 images_per_s=12.958243 device=mps
2026-09-15 22:10:47,806 INFO completed=27208 new=27208 elapsed_s=2099.815 images_per_s=12.957333 device=mps
2026-09-15 22:10:54,074 INFO completed=27288 new=27288 elapsed_s=2106.083 images_per_s=12.956752 device=mps
2026-09-15 22:11:00,340 INFO completed=27368 new=27368 elapsed_s=2112.349 images_per_s=12.956190 device=mps
2026-09-15 22:11:06,594 INFO completed=27448 new=27448 elapsed_s=2118.604 images_per_s=12.955704 device=mps
2026-09-15 22:11:12,867 INFO completed=27528 new=27528 elapsed_s=2124.876 images_per_s=12.955111 device=mps
2026-09-15 22:11:19,123 INFO completed=27608 new=27608 elapsed_s=2131.132 images_per_s=12.954619 device=mps
2026-09-15 22:11:25,388 INFO completed=27688 new=27688 elapsed_s=2137.397 images_per_s=12.954073 device=mps
