note: Running TeX ...
warning: main.tex:206: Overfull \hbox (7.46481pt too wide) in paragraph at lines 200--206
warning: references.tex:16: Underfull \hbox (badness 2547) in paragraph at lines 12--16
warning: references.tex:16: Underfull \hbox (badness 2418) in paragraph at lines 12--16
warning: references.tex:16: Underfull \hbox (badness 5548) in paragraph at lines 12--16
warning: references.tex:30: Underfull \hbox (badness 4556) in paragraph at lines 27--30
warning: references.tex:36: Underfull \hbox (badness 1024) in paragraph at lines 31--36
warning: references.tex:41: Underfull \hbox (badness 1735) in paragraph at lines 37--41
warning: references.tex:62: Underfull \hbox (badness 1092) in paragraph at lines 57--62
note: Rerunning TeX because "main.out" changed ...
warning: main.tex:206: Underfull \hbox (badness 1418) in paragraph at lines 200--206
warning: references.tex:16: Underfull \hbox (badness 2547) in paragraph at lines 12--16
warning: references.tex:16: Underfull \hbox (badness 2418) in paragraph at lines 12--16
warning: references.tex:16: Underfull \hbox (badness 5548) in paragraph at lines 12--16
warning: references.tex:30: Underfull \hbox (badness 4556) in paragraph at lines 27--30
warning: references.tex:36: Underfull \hbox (badness 1024) in paragraph at lines 31--36
warning: references.tex:41: Underfull \hbox (badness 1735) in paragraph at lines 37--41
warning: references.tex:62: Underfull \hbox (badness 1092) in paragraph at lines 57--62
note: Rerunning TeX because "main.aux" changed ...
warning: main.tex:206: Underfull \hbox (badness 1418) in paragraph at lines 200--206
warning: references.tex:16: Underfull \hbox (badness 2547) in paragraph at lines 12--16
warning: references.tex:16: Underfull \hbox (badness 2418) in paragraph at lines 12--16
warning: references.tex:16: Underfull \hbox (badness 5548) in paragraph at lines 12--16
warning: references.tex:30: Underfull \hbox (badness 4556) in paragraph at lines 27--30
warning: references.tex:36: Underfull \hbox (badness 1024) in paragraph at lines 31--36
warning: references.tex:41: Underfull \hbox (badness 1735) in paragraph at lines 37--41
warning: references.tex:62: Underfull \hbox (badness 1092) in paragraph at lines 57--62
warning: warnings were issued by the TeX engine; use --print and/or --keep-logs for details.
note: Running xdvipdfmx ...
note: Writing `generated/build/source/main.log` (16.365234375 KiB)
note: Writing `generated/build/source/main.pdf` (253.1328125 KiB)
note: Skipped writing 2 intermediate files (use --keep-intermediates to keep them)
