2026-09-13 12:01:15,012 INFO Parsing model identifier. Schema: None, Identifier: ViT-B-32
2026-09-13 12:01:15,012 INFO Loaded built-in ViT-B-32 model config.
2026-09-13 12:01:15,012 INFO `pretrained` specifies file path: rerun_workspace/model_weights/ViT-B-32.pt
2026-09-13 12:01:15,012 INFO Instantiating model architecture: CLIP
2026-09-13 12:01:15,811 INFO Loading full pretrained weights from: rerun_workspace/model_weights/ViT-B-32.pt
2026-09-13 12:01:16,028 INFO Final image preprocessing configuration set: {'size': (224, 224), 'mode': 'RGB', 'mean': (0.48145466, 0.4578275, 0.40821073), 'std': (0.26862954, 0.26130258, 0.27577711), 'interpolation': 'bicubic', 'resize_mode': 'shortest', 'fill_color': 0}
2026-09-13 12:01:16,028 INFO Model ViT-B-32 creation process complete.
2026-09-13 12:01:16,028 INFO Parsing tokenizer identifier. Schema: None, Identifier: ViT-B-32
2026-09-13 12:01:16,028 INFO Attempting to load config from built-in: ViT-B-32
2026-09-13 12:01:16,028 INFO Using default SimpleTokenizer.
2026-09-13 12:01:16,946 INFO completed=2 new=2 elapsed_s=0.570 images_per_s=3.507706 device=mps
2026-09-13 12:01:18,796 INFO completed=22 new=22 elapsed_s=2.420 images_per_s=9.090566 device=mps
2026-09-13 12:01:20,628 INFO completed=42 new=42 elapsed_s=4.253 images_per_s=9.875533 device=mps
2026-09-13 12:01:22,467 INFO completed=62 new=62 elapsed_s=6.092 images_per_s=10.177480 device=mps
2026-09-13 12:01:24,309 INFO completed=82 new=82 elapsed_s=7.933 images_per_s=10.336560 device=mps
2026-09-13 12:01:26,148 INFO completed=102 new=102 elapsed_s=9.773 images_per_s=10.437197 device=mps
2026-09-13 12:01:27,973 INFO completed=122 new=122 elapsed_s=11.597 images_per_s=10.519893 device=mps
2026-09-13 12:01:29,810 INFO completed=142 new=142 elapsed_s=13.435 images_per_s=10.569502 device=mps
2026-09-13 12:01:31,643 INFO completed=162 new=162 elapsed_s=15.267 images_per_s=10.611116 device=mps
2026-09-13 12:01:33,485 INFO completed=182 new=182 elapsed_s=17.110 images_per_s=10.637146 device=mps
2026-09-13 12:01:35,319 INFO completed=202 new=202 elapsed_s=18.943 images_per_s=10.663496 device=mps
2026-09-13 12:01:37,186 INFO completed=222 new=222 elapsed_s=20.811 images_per_s=10.667467 device=mps
2026-09-13 12:01:39,029 INFO completed=242 new=242 elapsed_s=22.654 images_per_s=10.682595 device=mps
2026-09-13 12:01:40,859 INFO completed=262 new=262 elapsed_s=24.484 images_per_s=10.700916 device=mps
2026-09-13 12:01:42,694 INFO completed=282 new=282 elapsed_s=26.318 images_per_s=10.715007 device=mps
2026-09-13 12:01:44,526 INFO completed=302 new=302 elapsed_s=28.150 images_per_s=10.728149 device=mps
2026-09-13 12:01:46,361 INFO completed=322 new=322 elapsed_s=29.985 images_per_s=10.738580 device=mps
2026-09-13 12:01:48,211 INFO completed=342 new=342 elapsed_s=31.836 images_per_s=10.742651 device=mps
2026-09-13 12:01:50,053 INFO completed=362 new=362 elapsed_s=33.677 images_per_s=10.749153 device=mps
2026-09-13 12:01:51,904 INFO completed=382 new=382 elapsed_s=35.529 images_per_s=10.751834 device=mps
2026-09-13 12:01:53,768 INFO completed=402 new=402 elapsed_s=37.392 images_per_s=10.750941 device=mps
2026-09-13 12:01:55,622 INFO completed=422 new=422 elapsed_s=39.246 images_per_s=10.752646 device=mps
2026-09-13 12:01:57,495 INFO completed=442 new=442 elapsed_s=41.119 images_per_s=10.749185 device=mps
2026-09-13 12:01:59,376 INFO completed=462 new=462 elapsed_s=43.001 images_per_s=10.743977 device=mps
2026-09-13 12:02:01,280 INFO completed=482 new=482 elapsed_s=44.904 images_per_s=10.734015 device=mps
2026-09-13 12:02:03,188 INFO completed=502 new=502 elapsed_s=46.813 images_per_s=10.723578 device=mps
2026-09-13 12:02:05,084 INFO completed=522 new=522 elapsed_s=48.709 images_per_s=10.716782 device=mps
2026-09-13 12:02:06,968 INFO completed=542 new=542 elapsed_s=50.592 images_per_s=10.713177 device=mps
2026-09-13 12:02:08,861 INFO completed=562 new=562 elapsed_s=52.486 images_per_s=10.707692 device=mps
2026-09-13 12:02:10,774 INFO completed=582 new=582 elapsed_s=54.398 images_per_s=10.698882 device=mps
2026-09-13 12:02:12,683 INFO completed=602 new=602 elapsed_s=56.307 images_per_s=10.691333 device=mps
2026-09-13 12:02:14,603 INFO completed=622 new=622 elapsed_s=58.227 images_per_s=10.682253 device=mps
2026-09-13 12:02:16,508 INFO completed=642 new=642 elapsed_s=60.132 images_per_s=10.676492 device=mps
2026-09-13 12:02:18,428 INFO completed=662 new=662 elapsed_s=62.052 images_per_s=10.668447 device=mps
2026-09-13 12:02:20,335 INFO completed=682 new=682 elapsed_s=63.960 images_per_s=10.662957 device=mps
2026-09-13 12:02:22,261 INFO completed=702 new=702 elapsed_s=65.885 images_per_s=10.654863 device=mps
2026-09-13 12:02:24,161 INFO completed=722 new=722 elapsed_s=67.786 images_per_s=10.651236 device=mps
2026-09-13 12:02:26,112 INFO completed=742 new=742 elapsed_s=69.736 images_per_s=10.640089 device=mps
2026-09-13 12:02:28,021 INFO completed=762 new=762 elapsed_s=71.645 images_per_s=10.635722 device=mps
2026-09-13 12:02:29,938 INFO completed=782 new=782 elapsed_s=73.563 images_per_s=10.630407 device=mps
2026-09-13 12:02:31,847 INFO completed=802 new=802 elapsed_s=75.471 images_per_s=10.626569 device=mps
2026-09-13 12:02:33,764 INFO completed=822 new=822 elapsed_s=77.389 images_per_s=10.621714 device=mps
2026-09-13 12:02:35,686 INFO completed=842 new=842 elapsed_s=79.311 images_per_s=10.616479 device=mps
2026-09-13 12:02:37,613 INFO completed=862 new=862 elapsed_s=81.238 images_per_s=10.610862 device=mps
2026-09-13 12:02:39,554 INFO completed=882 new=882 elapsed_s=83.179 images_per_s=10.603685 device=mps
2026-09-13 12:02:41,485 INFO completed=902 new=902 elapsed_s=85.109 images_per_s=10.598174 device=mps
2026-09-13 12:02:43,490 INFO completed=922 new=922 elapsed_s=87.114 images_per_s=10.583841 device=mps
2026-09-13 12:02:45,493 INFO completed=942 new=942 elapsed_s=89.117 images_per_s=10.570343 device=mps
2026-09-13 12:02:47,481 INFO completed=962 new=962 elapsed_s=91.105 images_per_s=10.559203 device=mps
2026-09-13 12:02:49,443 INFO completed=982 new=982 elapsed_s=93.067 images_per_s=10.551540 device=mps
2026-09-13 12:02:51,447 INFO completed=1002 new=1002 elapsed_s=95.071 images_per_s=10.539496 device=mps
2026-09-13 12:02:53,413 INFO completed=1022 new=1022 elapsed_s=97.037 images_per_s=10.532015 device=mps
2026-09-13 12:02:55,403 INFO completed=1042 new=1042 elapsed_s=99.027 images_per_s=10.522377 device=mps
2026-09-13 12:02:57,366 INFO completed=1062 new=1062 elapsed_s=100.990 images_per_s=10.515913 device=mps
2026-09-13 12:02:59,356 INFO completed=1082 new=1082 elapsed_s=102.980 images_per_s=10.506858 device=mps
2026-09-13 12:03:01,336 INFO completed=1102 new=1102 elapsed_s=104.960 images_per_s=10.499249 device=mps
2026-09-13 12:03:03,356 INFO completed=1122 new=1122 elapsed_s=106.980 images_per_s=10.487944 device=mps
2026-09-13 12:03:05,366 INFO completed=1142 new=1142 elapsed_s=108.990 images_per_s=10.478017 device=mps
2026-09-13 12:03:07,361 INFO completed=1162 new=1162 elapsed_s=110.985 images_per_s=10.469879 device=mps
2026-09-13 12:03:09,322 INFO completed=1182 new=1182 elapsed_s=112.946 images_per_s=10.465210 device=mps
2026-09-13 12:03:11,326 INFO completed=1202 new=1202 elapsed_s=114.950 images_per_s=10.456747 device=mps
2026-09-13 12:03:13,365 INFO completed=1222 new=1222 elapsed_s=116.989 images_per_s=10.445460 device=mps
2026-09-13 12:03:15,381 INFO completed=1242 new=1242 elapsed_s=119.005 images_per_s=10.436545 device=mps
2026-09-13 12:03:17,342 INFO completed=1262 new=1262 elapsed_s=120.966 images_per_s=10.432649 device=mps
2026-09-13 12:03:19,318 INFO completed=1282 new=1282 elapsed_s=122.942 images_per_s=10.427654 device=mps
2026-09-13 12:03:21,281 INFO completed=1302 new=1302 elapsed_s=124.905 images_per_s=10.423941 device=mps
2026-09-13 12:03:23,269 INFO completed=1322 new=1322 elapsed_s=126.892 images_per_s=10.418344 device=mps
2026-09-13 12:03:25,231 INFO completed=1342 new=1342 elapsed_s=128.854 images_per_s=10.414923 device=mps
2026-09-13 12:03:27,226 INFO completed=1362 new=1362 elapsed_s=130.848 images_per_s=10.409024 device=mps
2026-09-13 12:03:29,200 INFO completed=1382 new=1382 elapsed_s=132.822 images_per_s=10.404904 device=mps
2026-09-13 12:03:31,176 INFO completed=1402 new=1402 elapsed_s=134.798 images_per_s=10.400763 device=mps
2026-09-13 12:03:33,149 INFO completed=1422 new=1422 elapsed_s=136.771 images_per_s=10.396976 device=mps
2026-09-13 12:03:35,127 INFO completed=1442 new=1442 elapsed_s=138.749 images_per_s=10.392902 device=mps
2026-09-13 12:03:37,100 INFO completed=1462 new=1462 elapsed_s=140.721 images_per_s=10.389325 device=mps
2026-09-13 12:03:39,082 INFO completed=1482 new=1482 elapsed_s=142.703 images_per_s=10.385233 device=mps
2026-09-13 12:03:41,096 INFO completed=1502 new=1502 elapsed_s=144.717 images_per_s=10.378899 device=mps
2026-09-13 12:03:43,089 INFO completed=1522 new=1522 elapsed_s=146.710 images_per_s=10.374215 device=mps
2026-09-13 12:03:45,087 INFO completed=1542 new=1542 elapsed_s=148.708 images_per_s=10.369325 device=mps
2026-09-13 12:03:47,072 INFO completed=1562 new=1562 elapsed_s=150.693 images_per_s=10.365476 device=mps
2026-09-13 12:03:49,081 INFO completed=1582 new=1582 elapsed_s=152.702 images_per_s=10.360064 device=mps
2026-09-13 12:03:51,073 INFO completed=1602 new=1602 elapsed_s=154.693 images_per_s=10.355964 device=mps
2026-09-13 12:03:53,116 INFO completed=1622 new=1622 elapsed_s=156.736 images_per_s=10.348587 device=mps
2026-09-13 12:03:55,134 INFO completed=1642 new=1642 elapsed_s=158.755 images_per_s=10.343005 device=mps
2026-09-13 12:03:57,150 INFO completed=1662 new=1662 elapsed_s=160.770 images_per_s=10.337718 device=mps
2026-09-13 12:03:59,199 INFO completed=1682 new=1682 elapsed_s=162.819 images_per_s=10.330481 device=mps
2026-09-13 12:04:01,232 INFO completed=1702 new=1702 elapsed_s=164.852 images_per_s=10.324409 device=mps
2026-09-13 12:04:03,268 INFO completed=1722 new=1722 elapsed_s=166.888 images_per_s=10.318323 device=mps
2026-09-13 12:04:05,367 INFO completed=1742 new=1742 elapsed_s=168.987 images_per_s=10.308499 device=mps
2026-09-13 12:04:07,440 INFO completed=1762 new=1762 elapsed_s=171.060 images_per_s=10.300491 device=mps
2026-09-13 12:04:09,473 INFO completed=1782 new=1782 elapsed_s=173.093 images_per_s=10.295067 device=mps
2026-09-13 12:04:11,523 INFO completed=1802 new=1802 elapsed_s=175.143 images_per_s=10.288743 device=mps
2026-09-13 12:04:13,567 INFO completed=1822 new=1822 elapsed_s=177.187 images_per_s=10.282921 device=mps
2026-09-13 12:04:15,648 INFO completed=1842 new=1842 elapsed_s=179.268 images_per_s=10.275105 device=mps
2026-09-13 12:04:17,747 INFO completed=1862 new=1862 elapsed_s=181.367 images_per_s=10.266476 device=mps
2026-09-13 12:04:19,814 INFO completed=1882 new=1882 elapsed_s=183.434 images_per_s=10.259839 device=mps
2026-09-13 12:04:21,890 INFO completed=1902 new=1902 elapsed_s=185.509 images_per_s=10.252848 device=mps
2026-09-13 12:04:23,972 INFO completed=1922 new=1922 elapsed_s=187.592 images_per_s=10.245649 device=mps
2026-09-13 12:04:26,063 INFO completed=1942 new=1942 elapsed_s=189.683 images_per_s=10.238150 device=mps
