2026-09-13 22:29:46,826 INFO Parsing model identifier. Schema: None, Identifier: ViT-B-32
2026-09-13 22:29:46,827 INFO Loaded built-in ViT-B-32 model config.
2026-09-13 22:29:46,827 INFO `pretrained` specifies file path: /Users/von/Projects/cci-local-recovery/rerun_workspace/model_weights/ViT-B-32.pt
2026-09-13 22:29:46,827 INFO Instantiating model architecture: CLIP
2026-09-13 22:29:47,662 INFO Loading full pretrained weights from: /Users/von/Projects/cci-local-recovery/rerun_workspace/model_weights/ViT-B-32.pt
2026-09-13 22:29:47,915 INFO Final image preprocessing configuration set: {'size': (224, 224), 'mode': 'RGB', 'mean': (0.48145466, 0.4578275, 0.40821073), 'std': (0.26862954, 0.26130258, 0.27577711), 'interpolation': 'bicubic', 'resize_mode': 'shortest', 'fill_color': 0}
2026-09-13 22:29:47,915 INFO Model ViT-B-32 creation process complete.
2026-09-13 22:29:47,915 INFO Parsing tokenizer identifier. Schema: None, Identifier: ViT-B-32
2026-09-13 22:29:47,915 INFO Attempting to load config from built-in: ViT-B-32
2026-09-13 22:29:47,915 INFO Using default SimpleTokenizer.
2026-09-13 22:29:48,850 INFO completed=2 new=2 elapsed_s=0.614 images_per_s=3.257497 device=mps
2026-09-13 22:29:50,407 INFO completed=22 new=22 elapsed_s=2.171 images_per_s=10.135601 device=mps
2026-09-13 22:29:52,068 INFO completed=42 new=42 elapsed_s=3.832 images_per_s=10.961636 device=mps
2026-09-13 22:29:53,839 INFO completed=62 new=62 elapsed_s=5.603 images_per_s=11.065915 device=mps
2026-09-13 22:29:55,623 INFO completed=82 new=82 elapsed_s=7.387 images_per_s=11.099880 device=mps
2026-09-13 22:29:57,362 INFO completed=102 new=102 elapsed_s=9.126 images_per_s=11.176496 device=mps
2026-09-13 22:29:59,080 INFO completed=122 new=122 elapsed_s=10.844 images_per_s=11.250077 device=mps
2026-09-13 22:30:00,812 INFO completed=142 new=142 elapsed_s=12.576 images_per_s=11.291537 device=mps
2026-09-13 22:30:02,534 INFO completed=162 new=162 elapsed_s=14.298 images_per_s=11.330367 device=mps
2026-09-13 22:30:04,233 INFO completed=182 new=182 elapsed_s=15.997 images_per_s=11.376935 device=mps
2026-09-13 22:30:05,916 INFO completed=202 new=202 elapsed_s=17.680 images_per_s=11.425459 device=mps
2026-09-13 22:30:07,615 INFO completed=222 new=222 elapsed_s=19.379 images_per_s=11.455836 device=mps
2026-09-13 22:30:09,292 INFO completed=242 new=242 elapsed_s=21.056 images_per_s=11.493125 device=mps
2026-09-13 22:30:10,990 INFO completed=262 new=262 elapsed_s=22.754 images_per_s=11.514483 device=mps
2026-09-13 22:30:12,721 INFO completed=282 new=282 elapsed_s=24.485 images_per_s=11.517406 device=mps
2026-09-13 22:30:14,425 INFO completed=302 new=302 elapsed_s=26.188 images_per_s=11.531833 device=mps
2026-09-13 22:30:16,141 INFO completed=322 new=322 elapsed_s=27.905 images_per_s=11.539237 device=mps
2026-09-13 22:30:17,852 INFO completed=342 new=342 elapsed_s=29.616 images_per_s=11.547933 device=mps
2026-09-13 22:30:19,541 INFO completed=362 new=362 elapsed_s=31.305 images_per_s=11.563593 device=mps
2026-09-13 22:30:21,246 INFO completed=382 new=382 elapsed_s=33.009 images_per_s=11.572438 device=mps
2026-09-13 22:30:22,946 INFO completed=402 new=402 elapsed_s=34.710 images_per_s=11.581665 device=mps
2026-09-13 22:30:24,640 INFO completed=422 new=422 elapsed_s=36.404 images_per_s=11.592152 device=mps
2026-09-13 22:30:26,367 INFO completed=442 new=442 elapsed_s=38.131 images_per_s=11.591564 device=mps
2026-09-13 22:30:28,065 INFO completed=462 new=462 elapsed_s=39.829 images_per_s=11.599714 device=mps
2026-09-13 22:30:29,748 INFO completed=482 new=482 elapsed_s=41.512 images_per_s=11.611153 device=mps
2026-09-13 22:30:31,448 INFO completed=502 new=502 elapsed_s=43.212 images_per_s=11.617187 device=mps
2026-09-13 22:30:33,162 INFO completed=522 new=522 elapsed_s=44.926 images_per_s=11.619146 device=mps
2026-09-13 22:30:34,846 INFO completed=542 new=542 elapsed_s=46.609 images_per_s=11.628557 device=mps
2026-09-13 22:30:36,529 INFO completed=562 new=562 elapsed_s=48.293 images_per_s=11.637397 device=mps
2026-09-13 22:30:38,202 INFO completed=582 new=582 elapsed_s=49.966 images_per_s=11.647993 device=mps
2026-09-13 22:30:39,865 INFO completed=602 new=602 elapsed_s=51.628 images_per_s=11.660260 device=mps
2026-09-13 22:30:41,530 INFO completed=622 new=622 elapsed_s=53.294 images_per_s=11.671103 device=mps
2026-09-13 22:30:43,239 INFO completed=642 new=642 elapsed_s=55.002 images_per_s=11.672212 device=mps
2026-09-13 22:30:44,913 INFO completed=662 new=662 elapsed_s=56.677 images_per_s=11.680306 device=mps
2026-09-13 22:30:46,601 INFO completed=682 new=682 elapsed_s=58.365 images_per_s=11.685117 device=mps
2026-09-13 22:30:48,270 INFO completed=702 new=702 elapsed_s=60.034 images_per_s=11.693351 device=mps
2026-09-13 22:30:49,954 INFO completed=722 new=722 elapsed_s=61.718 images_per_s=11.698393 device=mps
2026-09-13 22:30:51,645 INFO completed=742 new=742 elapsed_s=63.409 images_per_s=11.701877 device=mps
2026-09-13 22:30:53,346 INFO completed=762 new=762 elapsed_s=65.109 images_per_s=11.703399 device=mps
2026-09-13 22:30:55,048 INFO completed=782 new=782 elapsed_s=66.811 images_per_s=11.704624 device=mps
2026-09-13 22:30:56,729 INFO completed=802 new=802 elapsed_s=68.493 images_per_s=11.709304 device=mps
2026-09-13 22:30:58,427 INFO completed=822 new=822 elapsed_s=70.190 images_per_s=11.711023 device=mps
2026-09-13 22:31:00,122 INFO completed=842 new=842 elapsed_s=71.886 images_per_s=11.713033 device=mps
2026-09-13 22:31:01,810 INFO completed=862 new=862 elapsed_s=73.573 images_per_s=11.716226 device=mps
2026-09-13 22:31:03,514 INFO completed=882 new=882 elapsed_s=75.277 images_per_s=11.716678 device=mps
2026-09-13 22:31:05,214 INFO completed=902 new=902 elapsed_s=76.977 images_per_s=11.717752 device=mps
2026-09-13 22:31:06,898 INFO completed=922 new=922 elapsed_s=78.662 images_per_s=11.721040 device=mps
2026-09-13 22:31:08,601 INFO completed=942 new=942 elapsed_s=80.364 images_per_s=11.721666 device=mps
2026-09-13 22:31:10,286 INFO completed=962 new=962 elapsed_s=82.049 images_per_s=11.724639 device=mps
2026-09-13 22:31:12,000 INFO completed=982 new=982 elapsed_s=83.763 images_per_s=11.723520 device=mps
2026-09-13 22:31:13,737 INFO completed=1002 new=1002 elapsed_s=85.500 images_per_s=11.719294 device=mps
2026-09-13 22:31:15,431 INFO completed=1022 new=1022 elapsed_s=87.194 images_per_s=11.720991 device=mps
2026-09-13 22:31:17,106 INFO completed=1042 new=1042 elapsed_s=88.870 images_per_s=11.725057 device=mps
2026-09-13 22:31:18,797 INFO completed=1062 new=1062 elapsed_s=90.561 images_per_s=11.726957 device=mps
2026-09-13 22:31:20,484 INFO completed=1082 new=1082 elapsed_s=92.247 images_per_s=11.729342 device=mps
2026-09-13 22:31:22,168 INFO completed=1102 new=1102 elapsed_s=93.932 images_per_s=11.731914 device=mps
2026-09-13 22:31:23,862 INFO completed=1122 new=1122 elapsed_s=95.625 images_per_s=11.733323 device=mps
2026-09-13 22:31:25,559 INFO completed=1142 new=1142 elapsed_s=97.322 images_per_s=11.734187 device=mps
2026-09-13 22:31:27,261 INFO completed=1162 new=1162 elapsed_s=99.024 images_per_s=11.734538 device=mps
2026-09-13 22:31:28,951 INFO completed=1182 new=1182 elapsed_s=100.715 images_per_s=11.736110 device=mps
2026-09-13 22:31:30,631 INFO completed=1202 new=1202 elapsed_s=102.395 images_per_s=11.738903 device=mps
2026-09-13 22:31:32,337 INFO completed=1222 new=1222 elapsed_s=104.100 images_per_s=11.738705 device=mps
2026-09-13 22:31:34,029 INFO completed=1242 new=1242 elapsed_s=105.793 images_per_s=11.739930 device=mps
2026-09-13 22:31:35,731 INFO completed=1262 new=1262 elapsed_s=107.494 images_per_s=11.740211 device=mps
2026-09-13 22:31:37,427 INFO completed=1282 new=1282 elapsed_s=109.190 images_per_s=11.740993 device=mps
2026-09-13 22:31:39,123 INFO completed=1302 new=1302 elapsed_s=110.887 images_per_s=11.741724 device=mps
2026-09-13 22:31:40,845 INFO completed=1322 new=1322 elapsed_s=112.608 images_per_s=11.739805 device=mps
2026-09-13 22:31:42,551 INFO completed=1342 new=1342 elapsed_s=114.314 images_per_s=11.739586 device=mps
2026-09-13 22:31:44,238 INFO completed=1362 new=1362 elapsed_s=116.002 images_per_s=11.741216 device=mps
2026-09-13 22:31:45,992 INFO completed=1382 new=1382 elapsed_s=117.755 images_per_s=11.736237 device=mps
2026-09-13 22:31:47,700 INFO completed=1402 new=1402 elapsed_s=119.463 images_per_s=11.735802 device=mps
2026-09-13 22:31:49,411 INFO completed=1422 new=1422 elapsed_s=121.175 images_per_s=11.735132 device=mps
2026-09-13 22:31:51,118 INFO completed=1442 new=1442 elapsed_s=122.881 images_per_s=11.734953 device=mps
2026-09-13 22:31:52,829 INFO completed=1462 new=1462 elapsed_s=124.592 images_per_s=11.734325 device=mps
2026-09-13 22:31:54,544 INFO completed=1482 new=1482 elapsed_s=126.307 images_per_s=11.733271 device=mps
2026-09-13 22:31:56,268 INFO completed=1502 new=1502 elapsed_s=128.031 images_per_s=11.731521 device=mps
2026-09-13 22:31:57,985 INFO completed=1522 new=1522 elapsed_s=129.748 images_per_s=11.730419 device=mps
2026-09-13 22:31:59,707 INFO completed=1542 new=1542 elapsed_s=131.470 images_per_s=11.728887 device=mps
2026-09-13 22:32:01,430 INFO completed=1562 new=1562 elapsed_s=133.193 images_per_s=11.727313 device=mps
2026-09-13 22:32:03,153 INFO completed=1582 new=1582 elapsed_s=134.916 images_per_s=11.725843 device=mps
2026-09-13 22:32:04,861 INFO completed=1602 new=1602 elapsed_s=136.624 images_per_s=11.725594 device=mps
2026-09-13 22:32:06,580 INFO completed=1622 new=1622 elapsed_s=138.343 images_per_s=11.724449 device=mps
2026-09-13 22:32:08,310 INFO completed=1642 new=1642 elapsed_s=140.073 images_per_s=11.722451 device=mps
2026-09-13 22:32:10,032 INFO completed=1662 new=1662 elapsed_s=141.795 images_per_s=11.721164 device=mps
2026-09-13 22:32:11,770 INFO completed=1682 new=1682 elapsed_s=143.533 images_per_s=11.718537 device=mps
2026-09-13 22:32:13,538 INFO completed=1702 new=1702 elapsed_s=145.301 images_per_s=11.713607 device=mps
2026-09-13 22:32:15,295 INFO completed=1722 new=1722 elapsed_s=147.058 images_per_s=11.709674 device=mps
2026-09-13 22:32:17,038 INFO completed=1742 new=1742 elapsed_s=148.801 images_per_s=11.706909 device=mps
2026-09-13 22:32:18,768 INFO completed=1762 new=1762 elapsed_s=150.531 images_per_s=11.705195 device=mps
2026-09-13 22:32:20,513 INFO completed=1782 new=1782 elapsed_s=152.276 images_per_s=11.702445 device=mps
2026-09-13 22:32:22,248 INFO completed=1802 new=1802 elapsed_s=154.011 images_per_s=11.700488 device=mps
2026-09-13 22:32:23,984 INFO completed=1822 new=1822 elapsed_s=155.747 images_per_s=11.698436 device=mps
2026-09-13 22:32:25,711 INFO completed=1842 new=1842 elapsed_s=157.474 images_per_s=11.697195 device=mps
2026-09-13 22:32:27,419 INFO completed=1862 new=1862 elapsed_s=159.182 images_per_s=11.697305 device=mps
2026-09-13 22:32:29,153 INFO completed=1882 new=1882 elapsed_s=160.916 images_per_s=11.695526 device=mps
2026-09-13 22:32:30,898 INFO completed=1902 new=1902 elapsed_s=162.661 images_per_s=11.693060 device=mps
2026-09-13 22:32:32,644 INFO completed=1922 new=1922 elapsed_s=164.407 images_per_s=11.690521 device=mps
2026-09-13 22:32:34,411 INFO completed=1942 new=1942 elapsed_s=166.174 images_per_s=11.686565 device=mps
