2026-09-13 11:52:02,393 INFO Parsing model identifier. Schema: None, Identifier: ViT-B-16
2026-09-13 11:52:02,393 INFO Loaded built-in ViT-B-16 model config.
2026-09-13 11:52:02,393 INFO `pretrained` specifies file path: rerun_workspace/model_weights/ViT-B-16.pt
2026-09-13 11:52:02,393 INFO Instantiating model architecture: CLIP
2026-09-13 11:52:03,204 INFO Loading full pretrained weights from: rerun_workspace/model_weights/ViT-B-16.pt
2026-09-13 11:52:03,443 INFO Final image preprocessing configuration set: {'size': (224, 224), 'mode': 'RGB', 'mean': (0.48145466, 0.4578275, 0.40821073), 'std': (0.26862954, 0.26130258, 0.27577711), 'interpolation': 'bicubic', 'resize_mode': 'shortest', 'fill_color': 0}
2026-09-13 11:52:03,443 INFO Model ViT-B-16 creation process complete.
2026-09-13 11:52:03,443 INFO Parsing tokenizer identifier. Schema: None, Identifier: ViT-B-16
2026-09-13 11:52:03,443 INFO Attempting to load config from built-in: ViT-B-16
2026-09-13 11:52:03,443 INFO Using default SimpleTokenizer.
2026-09-13 11:52:04,764 INFO completed=2 new=2 elapsed_s=0.852 images_per_s=2.348444 device=mps
2026-09-13 11:52:08,559 INFO completed=22 new=22 elapsed_s=4.646 images_per_s=4.735252 device=mps
2026-09-13 11:52:12,331 INFO completed=42 new=42 elapsed_s=8.418 images_per_s=4.989071 device=mps
2026-09-13 11:52:16,116 INFO completed=62 new=62 elapsed_s=12.203 images_per_s=5.080548 device=mps
2026-09-13 11:52:19,897 INFO completed=82 new=82 elapsed_s=15.984 images_per_s=5.130095 device=mps
2026-09-13 11:52:23,660 INFO completed=102 new=102 elapsed_s=19.748 images_per_s=5.165206 device=mps
2026-09-13 11:52:27,430 INFO completed=122 new=122 elapsed_s=23.518 images_per_s=5.187614 device=mps
2026-09-13 11:52:31,197 INFO completed=142 new=142 elapsed_s=27.284 images_per_s=5.204451 device=mps
2026-09-13 11:52:35,014 INFO completed=162 new=162 elapsed_s=31.101 images_per_s=5.208818 device=mps
2026-09-13 11:52:38,905 INFO completed=182 new=182 elapsed_s=34.992 images_per_s=5.201120 device=mps
2026-09-13 11:52:42,866 INFO completed=202 new=202 elapsed_s=38.953 images_per_s=5.185681 device=mps
2026-09-13 11:52:46,858 INFO completed=222 new=222 elapsed_s=42.945 images_per_s=5.169385 device=mps
2026-09-13 11:52:50,874 INFO completed=242 new=242 elapsed_s=46.961 images_per_s=5.153238 device=mps
2026-09-13 11:52:54,859 INFO completed=262 new=262 elapsed_s=50.946 images_per_s=5.142662 device=mps
2026-09-13 11:52:58,885 INFO completed=282 new=282 elapsed_s=54.972 images_per_s=5.129898 device=mps
2026-09-13 11:53:02,930 INFO completed=302 new=302 elapsed_s=59.017 images_per_s=5.117140 device=mps
2026-09-13 11:53:06,976 INFO completed=322 new=322 elapsed_s=63.063 images_per_s=5.105969 device=mps
2026-09-13 11:53:10,994 INFO completed=342 new=342 elapsed_s=67.081 images_per_s=5.098282 device=mps
2026-09-13 11:53:15,026 INFO completed=362 new=362 elapsed_s=71.113 images_per_s=5.090508 device=mps
2026-09-13 11:53:19,067 INFO completed=382 new=382 elapsed_s=75.154 images_per_s=5.082875 device=mps
2026-09-13 11:53:23,083 INFO completed=402 new=402 elapsed_s=79.170 images_per_s=5.077681 device=mps
2026-09-13 11:53:27,091 INFO completed=422 new=422 elapsed_s=83.178 images_per_s=5.073452 device=mps
2026-09-13 11:53:31,157 INFO completed=442 new=442 elapsed_s=87.244 images_per_s=5.066244 device=mps
2026-09-13 11:53:35,192 INFO completed=462 new=462 elapsed_s=91.279 images_per_s=5.061426 device=mps
2026-09-13 11:53:39,283 INFO completed=482 new=482 elapsed_s=95.370 images_per_s=5.054020 device=mps
2026-09-13 11:53:43,349 INFO completed=502 new=502 elapsed_s=99.436 images_per_s=5.048475 device=mps
2026-09-13 11:53:47,377 INFO completed=522 new=522 elapsed_s=103.464 images_per_s=5.045241 device=mps
2026-09-13 11:53:51,414 INFO completed=542 new=542 elapsed_s=107.501 images_per_s=5.041796 device=mps
2026-09-13 11:53:55,459 INFO completed=562 new=562 elapsed_s=111.546 images_per_s=5.038271 device=mps
2026-09-13 11:53:59,511 INFO completed=582 new=582 elapsed_s=115.598 images_per_s=5.034684 device=mps
2026-09-13 11:54:03,568 INFO completed=602 new=602 elapsed_s=119.655 images_per_s=5.031130 device=mps
2026-09-13 11:54:07,609 INFO completed=622 new=622 elapsed_s=123.696 images_per_s=5.028453 device=mps
2026-09-13 11:54:11,639 INFO completed=642 new=642 elapsed_s=127.726 images_per_s=5.026380 device=mps
2026-09-13 11:54:15,692 INFO completed=662 new=662 elapsed_s=131.779 images_per_s=5.023566 device=mps
2026-09-13 11:54:19,774 INFO completed=682 new=682 elapsed_s=135.861 images_per_s=5.019851 device=mps
2026-09-13 11:54:23,804 INFO completed=702 new=702 elapsed_s=139.891 images_per_s=5.018209 device=mps
2026-09-13 11:54:27,867 INFO completed=722 new=722 elapsed_s=143.954 images_per_s=5.015495 device=mps
2026-09-13 11:54:31,957 INFO completed=742 new=742 elapsed_s=148.044 images_per_s=5.012037 device=mps
2026-09-13 11:54:36,043 INFO completed=762 new=762 elapsed_s=152.130 images_per_s=5.008873 device=mps
2026-09-13 11:54:40,159 INFO completed=782 new=782 elapsed_s=156.246 images_per_s=5.004930 device=mps
2026-09-13 11:54:44,300 INFO completed=802 new=802 elapsed_s=160.387 images_per_s=5.000420 device=mps
2026-09-13 11:54:48,465 INFO completed=822 new=822 elapsed_s=164.551 images_per_s=4.995397 device=mps
2026-09-13 11:54:52,615 INFO completed=842 new=842 elapsed_s=168.702 images_per_s=4.991052 device=mps
2026-09-13 11:54:56,870 INFO completed=862 new=862 elapsed_s=172.957 images_per_s=4.983900 device=mps
2026-09-13 11:55:01,155 INFO completed=882 new=882 elapsed_s=177.241 images_per_s=4.976265 device=mps
2026-09-13 11:55:05,410 INFO completed=902 new=902 elapsed_s=181.496 images_per_s=4.969796 device=mps
2026-09-13 11:55:09,739 INFO completed=922 new=922 elapsed_s=185.825 images_per_s=4.961651 device=mps
2026-09-13 11:55:14,076 INFO completed=942 new=942 elapsed_s=190.162 images_per_s=4.953668 device=mps
2026-09-13 11:55:18,498 INFO completed=962 new=962 elapsed_s=194.585 images_per_s=4.943861 device=mps
2026-09-13 11:55:22,961 INFO completed=982 new=982 elapsed_s=199.047 images_per_s=4.933506 device=mps
2026-09-13 11:55:27,467 INFO completed=1002 new=1002 elapsed_s=203.554 images_per_s=4.922529 device=mps
2026-09-13 11:55:32,070 INFO completed=1022 new=1022 elapsed_s=208.156 images_per_s=4.909780 device=mps
2026-09-13 11:55:36,574 INFO completed=1042 new=1042 elapsed_s=212.660 images_per_s=4.899840 device=mps
2026-09-13 11:55:41,122 INFO completed=1062 new=1062 elapsed_s=217.209 images_per_s=4.889305 device=mps
2026-09-13 11:55:45,685 INFO completed=1082 new=1082 elapsed_s=221.772 images_per_s=4.878892 device=mps
2026-09-13 11:55:50,333 INFO completed=1102 new=1102 elapsed_s=226.419 images_per_s=4.867073 device=mps
2026-09-13 11:55:55,028 INFO completed=1122 new=1122 elapsed_s=231.114 images_per_s=4.854748 device=mps
2026-09-13 11:55:59,712 INFO completed=1142 new=1142 elapsed_s=235.798 images_per_s=4.843125 device=mps
2026-09-13 11:56:04,506 INFO completed=1162 new=1162 elapsed_s=240.593 images_per_s=4.829738 device=mps
2026-09-13 11:56:09,224 INFO completed=1182 new=1182 elapsed_s=245.311 images_per_s=4.818381 device=mps
2026-09-13 11:56:14,019 INFO completed=1202 new=1202 elapsed_s=250.105 images_per_s=4.805978 device=mps
2026-09-13 11:56:18,786 INFO completed=1222 new=1222 elapsed_s=254.872 images_per_s=4.794561 device=mps
2026-09-13 11:56:23,569 INFO completed=1242 new=1242 elapsed_s=259.655 images_per_s=4.783273 device=mps
2026-09-13 11:56:28,408 INFO completed=1262 new=1262 elapsed_s=264.494 images_per_s=4.771369 device=mps
2026-09-13 11:56:33,229 INFO completed=1282 new=1282 elapsed_s=269.315 images_per_s=4.760221 device=mps
2026-09-13 11:56:38,066 INFO completed=1302 new=1302 elapsed_s=274.152 images_per_s=4.749191 device=mps
2026-09-13 11:56:42,939 INFO completed=1322 new=1322 elapsed_s=279.025 images_per_s=4.737925 device=mps
2026-09-13 11:56:47,758 INFO completed=1342 new=1342 elapsed_s=283.844 images_per_s=4.727948 device=mps
2026-09-13 11:56:52,628 INFO completed=1362 new=1362 elapsed_s=288.714 images_per_s=4.717468 device=mps
2026-09-13 11:56:57,429 INFO completed=1382 new=1382 elapsed_s=293.515 images_per_s=4.708448 device=mps
2026-09-13 11:57:02,341 INFO completed=1402 new=1402 elapsed_s=298.427 images_per_s=4.697963 device=mps
2026-09-13 11:57:07,178 INFO completed=1422 new=1422 elapsed_s=303.264 images_per_s=4.688978 device=mps
2026-09-13 11:57:12,013 INFO completed=1442 new=1442 elapsed_s=308.099 images_per_s=4.680314 device=mps
2026-09-13 11:57:16,906 INFO completed=1462 new=1462 elapsed_s=312.992 images_per_s=4.671045 device=mps
2026-09-13 11:57:21,788 INFO completed=1482 new=1482 elapsed_s=317.874 images_per_s=4.662230 device=mps
2026-09-13 11:57:26,662 INFO completed=1502 new=1502 elapsed_s=322.748 images_per_s=4.653782 device=mps
2026-09-13 11:57:31,561 INFO completed=1522 new=1522 elapsed_s=327.647 images_per_s=4.645243 device=mps
2026-09-13 11:57:36,403 INFO completed=1542 new=1542 elapsed_s=332.489 images_per_s=4.637744 device=mps
2026-09-13 11:57:41,278 INFO completed=1562 new=1562 elapsed_s=337.364 images_per_s=4.630018 device=mps
2026-09-13 11:57:46,176 INFO completed=1582 new=1582 elapsed_s=342.262 images_per_s=4.622187 device=mps
2026-09-13 11:57:50,997 INFO completed=1602 new=1602 elapsed_s=347.083 images_per_s=4.615607 device=mps
2026-09-13 11:57:55,833 INFO completed=1622 new=1622 elapsed_s=351.919 images_per_s=4.609017 device=mps
2026-09-13 11:58:00,707 INFO completed=1642 new=1642 elapsed_s=356.792 images_per_s=4.602116 device=mps
2026-09-13 11:58:05,624 INFO completed=1662 new=1662 elapsed_s=361.710 images_per_s=4.594840 device=mps
2026-09-13 11:58:10,488 INFO completed=1682 new=1682 elapsed_s=366.573 images_per_s=4.588441 device=mps
2026-09-13 11:58:15,302 INFO completed=1702 new=1702 elapsed_s=371.388 images_per_s=4.582808 device=mps
2026-09-13 11:58:20,111 INFO completed=1722 new=1722 elapsed_s=376.196 images_per_s=4.577396 device=mps
2026-09-13 11:58:24,998 INFO completed=1742 new=1742 elapsed_s=381.084 images_per_s=4.571174 device=mps
2026-09-13 11:58:29,782 INFO completed=1762 new=1762 elapsed_s=385.867 images_per_s=4.566338 device=mps
2026-09-13 11:58:34,643 INFO completed=1782 new=1782 elapsed_s=390.728 images_per_s=4.560714 device=mps
2026-09-13 11:58:39,425 INFO completed=1802 new=1802 elapsed_s=395.510 images_per_s=4.556137 device=mps
2026-09-13 11:58:44,236 INFO completed=1822 new=1822 elapsed_s=400.322 images_per_s=4.551340 device=mps
2026-09-13 11:58:49,053 INFO completed=1842 new=1842 elapsed_s=405.139 images_per_s=4.546593 device=mps
2026-09-13 11:58:53,814 INFO completed=1862 new=1862 elapsed_s=409.899 images_per_s=4.542581 device=mps
2026-09-13 11:58:58,582 INFO completed=1882 new=1882 elapsed_s=414.667 images_per_s=4.538581 device=mps
2026-09-13 11:59:03,408 INFO completed=1902 new=1902 elapsed_s=419.493 images_per_s=4.534041 device=mps
2026-09-13 11:59:08,169 INFO completed=1922 new=1922 elapsed_s=424.254 images_per_s=4.530300 device=mps
2026-09-13 11:59:12,915 INFO completed=1942 new=1942 elapsed_s=429.001 images_per_s=4.526797 device=mps
