2026-09-13 22:23:25,387 INFO Parsing model identifier. Schema: None, Identifier: ViT-B-16
2026-09-13 22:23:25,387 INFO Loaded built-in ViT-B-16 model config.
2026-09-13 22:23:25,387 INFO `pretrained` specifies file path: /Users/von/Projects/cci-local-recovery/rerun_workspace/model_weights/ViT-B-16.pt
2026-09-13 22:23:25,387 INFO Instantiating model architecture: CLIP
2026-09-13 22:23:26,221 INFO Loading full pretrained weights from: /Users/von/Projects/cci-local-recovery/rerun_workspace/model_weights/ViT-B-16.pt
2026-09-13 22:23:26,477 INFO Final image preprocessing configuration set: {'size': (224, 224), 'mode': 'RGB', 'mean': (0.48145466, 0.4578275, 0.40821073), 'std': (0.26862954, 0.26130258, 0.27577711), 'interpolation': 'bicubic', 'resize_mode': 'shortest', 'fill_color': 0}
2026-09-13 22:23:26,477 INFO Model ViT-B-16 creation process complete.
2026-09-13 22:23:26,477 INFO Parsing tokenizer identifier. Schema: None, Identifier: ViT-B-16
2026-09-13 22:23:26,477 INFO Attempting to load config from built-in: ViT-B-16
2026-09-13 22:23:26,478 INFO Using default SimpleTokenizer.
2026-09-13 22:23:27,680 INFO completed=2 new=2 elapsed_s=0.773 images_per_s=2.587348 device=mps
2026-09-13 22:23:30,837 INFO completed=22 new=22 elapsed_s=3.930 images_per_s=5.598555 device=mps
2026-09-13 22:23:33,985 INFO completed=42 new=42 elapsed_s=7.078 images_per_s=5.934226 device=mps
2026-09-13 22:23:37,129 INFO completed=62 new=62 elapsed_s=10.222 images_per_s=6.065471 device=mps
2026-09-13 22:23:40,279 INFO completed=82 new=82 elapsed_s=13.372 images_per_s=6.132415 device=mps
2026-09-13 22:23:43,425 INFO completed=102 new=102 elapsed_s=16.517 images_per_s=6.175368 device=mps
2026-09-13 22:23:46,575 INFO completed=122 new=122 elapsed_s=19.668 images_per_s=6.203054 device=mps
2026-09-13 22:23:49,713 INFO completed=142 new=142 elapsed_s=22.806 images_per_s=6.226516 device=mps
2026-09-13 22:23:52,879 INFO completed=162 new=162 elapsed_s=25.972 images_per_s=6.237479 device=mps
2026-09-13 22:23:56,032 INFO completed=182 new=182 elapsed_s=29.125 images_per_s=6.248908 device=mps
2026-09-13 22:23:59,191 INFO completed=202 new=202 elapsed_s=32.284 images_per_s=6.256977 device=mps
2026-09-13 22:24:02,362 INFO completed=222 new=222 elapsed_s=35.455 images_per_s=6.261477 device=mps
2026-09-13 22:24:05,530 INFO completed=242 new=242 elapsed_s=38.622 images_per_s=6.265789 device=mps
2026-09-13 22:24:08,698 INFO completed=262 new=262 elapsed_s=41.790 images_per_s=6.269373 device=mps
2026-09-13 22:24:11,860 INFO completed=282 new=282 elapsed_s=44.953 images_per_s=6.273280 device=mps
2026-09-13 22:24:15,006 INFO completed=302 new=302 elapsed_s=48.098 images_per_s=6.278784 device=mps
2026-09-13 22:24:18,158 INFO completed=322 new=322 elapsed_s=51.250 images_per_s=6.282908 device=mps
2026-09-13 22:24:21,320 INFO completed=342 new=342 elapsed_s=54.412 images_per_s=6.285346 device=mps
2026-09-13 22:24:24,470 INFO completed=362 new=362 elapsed_s=57.563 images_per_s=6.288781 device=mps
2026-09-13 22:24:27,631 INFO completed=382 new=382 elapsed_s=60.724 images_per_s=6.290773 device=mps
2026-09-13 22:24:30,805 INFO completed=402 new=402 elapsed_s=63.897 images_per_s=6.291328 device=mps
2026-09-13 22:24:33,988 INFO completed=422 new=422 elapsed_s=67.080 images_per_s=6.290986 device=mps
2026-09-13 22:24:37,199 INFO completed=442 new=442 elapsed_s=70.291 images_per_s=6.288140 device=mps
2026-09-13 22:24:40,401 INFO completed=462 new=462 elapsed_s=73.493 images_per_s=6.286300 device=mps
2026-09-13 22:24:43,609 INFO completed=482 new=482 elapsed_s=76.701 images_per_s=6.284130 device=mps
2026-09-13 22:24:46,828 INFO completed=502 new=502 elapsed_s=79.920 images_per_s=6.281257 device=mps
2026-09-13 22:24:50,053 INFO completed=522 new=522 elapsed_s=83.145 images_per_s=6.278170 device=mps
2026-09-13 22:24:53,298 INFO completed=542 new=542 elapsed_s=86.391 images_per_s=6.273832 device=mps
2026-09-13 22:24:56,540 INFO completed=562 new=562 elapsed_s=89.632 images_per_s=6.270070 device=mps
2026-09-13 22:24:59,767 INFO completed=582 new=582 elapsed_s=92.859 images_per_s=6.267565 device=mps
2026-09-13 22:25:03,026 INFO completed=602 new=602 elapsed_s=96.118 images_per_s=6.263141 device=mps
2026-09-13 22:25:06,292 INFO completed=622 new=622 elapsed_s=99.384 images_per_s=6.258563 device=mps
2026-09-13 22:25:09,555 INFO completed=642 new=642 elapsed_s=102.647 images_per_s=6.254427 device=mps
2026-09-13 22:25:12,820 INFO completed=662 new=662 elapsed_s=105.912 images_per_s=6.250466 device=mps
2026-09-13 22:25:16,084 INFO completed=682 new=682 elapsed_s=109.176 images_per_s=6.246784 device=mps
2026-09-13 22:25:19,353 INFO completed=702 new=702 elapsed_s=112.445 images_per_s=6.243070 device=mps
2026-09-13 22:25:22,630 INFO completed=722 new=722 elapsed_s=115.722 images_per_s=6.239111 device=mps
2026-09-13 22:25:25,916 INFO completed=742 new=742 elapsed_s=119.007 images_per_s=6.234923 device=mps
2026-09-13 22:25:29,203 INFO completed=762 new=762 elapsed_s=122.294 images_per_s=6.230876 device=mps
2026-09-13 22:25:32,484 INFO completed=782 new=782 elapsed_s=125.575 images_per_s=6.227361 device=mps
2026-09-13 22:25:35,782 INFO completed=802 new=802 elapsed_s=128.873 images_per_s=6.223162 device=mps
2026-09-13 22:25:39,102 INFO completed=822 new=822 elapsed_s=132.193 images_per_s=6.218187 device=mps
2026-09-13 22:25:42,404 INFO completed=842 new=842 elapsed_s=135.494 images_per_s=6.214282 device=mps
2026-09-13 22:25:45,732 INFO completed=862 new=862 elapsed_s=138.822 images_per_s=6.209381 device=mps
2026-09-13 22:25:49,065 INFO completed=882 new=882 elapsed_s=142.155 images_per_s=6.204487 device=mps
2026-09-13 22:25:52,395 INFO completed=902 new=902 elapsed_s=145.485 images_per_s=6.199943 device=mps
2026-09-13 22:25:55,757 INFO completed=922 new=922 elapsed_s=148.848 images_per_s=6.194239 device=mps
2026-09-13 22:25:59,150 INFO completed=942 new=942 elapsed_s=152.241 images_per_s=6.187575 device=mps
2026-09-13 22:26:02,592 INFO completed=962 new=962 elapsed_s=155.683 images_per_s=6.179228 device=mps
2026-09-13 22:26:06,039 INFO completed=982 new=982 elapsed_s=159.130 images_per_s=6.171058 device=mps
2026-09-13 22:26:09,516 INFO completed=1002 new=1002 elapsed_s=162.606 images_per_s=6.162116 device=mps
2026-09-13 22:26:13,029 INFO completed=1022 new=1022 elapsed_s=166.119 images_per_s=6.152217 device=mps
2026-09-13 22:26:16,530 INFO completed=1042 new=1042 elapsed_s=169.620 images_per_s=6.143140 device=mps
2026-09-13 22:26:20,046 INFO completed=1062 new=1062 elapsed_s=173.136 images_per_s=6.133895 device=mps
2026-09-13 22:26:23,554 INFO completed=1082 new=1082 elapsed_s=176.644 images_per_s=6.125307 device=mps
2026-09-13 22:26:27,115 INFO completed=1102 new=1102 elapsed_s=180.205 images_per_s=6.115263 device=mps
2026-09-13 22:26:30,671 INFO completed=1122 new=1122 elapsed_s=183.761 images_per_s=6.105758 device=mps
2026-09-13 22:26:34,391 INFO completed=1142 new=1142 elapsed_s=187.481 images_per_s=6.091285 device=mps
2026-09-13 22:26:38,095 INFO completed=1162 new=1162 elapsed_s=191.185 images_per_s=6.077874 device=mps
2026-09-13 22:26:41,751 INFO completed=1182 new=1182 elapsed_s=194.841 images_per_s=6.066476 device=mps
2026-09-13 22:26:45,440 INFO completed=1202 new=1202 elapsed_s=198.530 images_per_s=6.054500 device=mps
2026-09-13 22:26:49,178 INFO completed=1222 new=1222 elapsed_s=202.268 images_per_s=6.041501 device=mps
2026-09-13 22:26:52,893 INFO completed=1242 new=1242 elapsed_s=205.983 images_per_s=6.029618 device=mps
2026-09-13 22:26:56,649 INFO completed=1262 new=1262 elapsed_s=209.739 images_per_s=6.016997 device=mps
2026-09-13 22:27:00,463 INFO completed=1282 new=1282 elapsed_s=213.553 images_per_s=6.003196 device=mps
2026-09-13 22:27:04,309 INFO completed=1302 new=1302 elapsed_s=217.399 images_per_s=5.988986 device=mps
2026-09-13 22:27:08,187 INFO completed=1322 new=1322 elapsed_s=221.277 images_per_s=5.974416 device=mps
2026-09-13 22:27:12,083 INFO completed=1342 new=1342 elapsed_s=225.173 images_per_s=5.959875 device=mps
2026-09-13 22:27:15,992 INFO completed=1362 new=1362 elapsed_s=229.081 images_per_s=5.945483 device=mps
2026-09-13 22:27:19,892 INFO completed=1382 new=1382 elapsed_s=232.981 images_per_s=5.931803 device=mps
2026-09-13 22:27:23,787 INFO completed=1402 new=1402 elapsed_s=236.877 images_per_s=5.918680 device=mps
2026-09-13 22:27:27,697 INFO completed=1422 new=1422 elapsed_s=240.787 images_per_s=5.905631 device=mps
2026-09-13 22:27:31,606 INFO completed=1442 new=1442 elapsed_s=244.696 images_per_s=5.893038 device=mps
2026-09-13 22:27:35,554 INFO completed=1462 new=1462 elapsed_s=248.643 images_per_s=5.879908 device=mps
2026-09-13 22:27:39,524 INFO completed=1482 new=1482 elapsed_s=252.613 images_per_s=5.866672 device=mps
2026-09-13 22:27:43,452 INFO completed=1502 new=1502 elapsed_s=256.541 images_per_s=5.854804 device=mps
2026-09-13 22:27:47,396 INFO completed=1522 new=1522 elapsed_s=260.486 images_per_s=5.842921 device=mps
2026-09-13 22:27:51,333 INFO completed=1542 new=1542 elapsed_s=264.423 images_per_s=5.831576 device=mps
2026-09-13 22:27:55,258 INFO completed=1562 new=1562 elapsed_s=268.348 images_per_s=5.820803 device=mps
2026-09-13 22:27:59,188 INFO completed=1582 new=1582 elapsed_s=272.278 images_per_s=5.810238 device=mps
2026-09-13 22:28:03,093 INFO completed=1602 new=1602 elapsed_s=276.182 images_per_s=5.800513 device=mps
2026-09-13 22:28:07,004 INFO completed=1622 new=1622 elapsed_s=280.094 images_per_s=5.790912 device=mps
2026-09-13 22:28:10,916 INFO completed=1642 new=1642 elapsed_s=284.006 images_per_s=5.781571 device=mps
2026-09-13 22:28:14,829 INFO completed=1662 new=1662 elapsed_s=287.918 images_per_s=5.772467 device=mps
2026-09-13 22:28:18,754 INFO completed=1682 new=1682 elapsed_s=291.843 images_per_s=5.763363 device=mps
2026-09-13 22:28:22,698 INFO completed=1702 new=1702 elapsed_s=295.788 images_per_s=5.754123 device=mps
2026-09-13 22:28:26,636 INFO completed=1722 new=1722 elapsed_s=299.726 images_per_s=5.745252 device=mps
2026-09-13 22:28:30,588 INFO completed=1742 new=1742 elapsed_s=303.677 images_per_s=5.736351 device=mps
2026-09-13 22:28:34,538 INFO completed=1762 new=1762 elapsed_s=307.628 images_per_s=5.727702 device=mps
2026-09-13 22:28:38,504 INFO completed=1782 new=1782 elapsed_s=311.593 images_per_s=5.718990 device=mps
2026-09-13 22:28:42,513 INFO completed=1802 new=1802 elapsed_s=315.602 images_per_s=5.709717 device=mps
2026-09-13 22:28:46,499 INFO completed=1822 new=1822 elapsed_s=319.588 images_per_s=5.701082 device=mps
2026-09-13 22:28:50,487 INFO completed=1842 new=1842 elapsed_s=323.577 images_per_s=5.692625 device=mps
2026-09-13 22:28:54,464 INFO completed=1862 new=1862 elapsed_s=327.553 images_per_s=5.684578 device=mps
2026-09-13 22:28:58,437 INFO completed=1882 new=1882 elapsed_s=331.527 images_per_s=5.676771 device=mps
2026-09-13 22:29:02,409 INFO completed=1902 new=1902 elapsed_s=335.498 images_per_s=5.669177 device=mps
2026-09-13 22:29:06,384 INFO completed=1922 new=1922 elapsed_s=339.473 images_per_s=5.661719 device=mps
2026-09-13 22:29:10,353 INFO completed=1942 new=1942 elapsed_s=343.443 images_per_s=5.654511 device=mps
