2026-09-13 02:24:59,543 INFO Parsing model identifier. Schema: None, Identifier: ViT-B-16
2026-09-13 02:24:59,543 INFO Loaded built-in ViT-B-16 model config.
2026-09-13 02:24:59,543 INFO `pretrained` specifies file path: rerun_workspace/model_weights/ViT-B-16.pt
2026-09-13 02:24:59,543 INFO Instantiating model architecture: CLIP
2026-09-13 02:25:00,348 INFO Loading full pretrained weights from: rerun_workspace/model_weights/ViT-B-16.pt
2026-09-13 02:25:32,695 INFO Parsing model identifier. Schema: None, Identifier: ViT-B-16
2026-09-13 02:25:32,695 INFO Loaded built-in ViT-B-16 model config.
2026-09-13 02:25:32,695 INFO `pretrained` specifies file path: rerun_workspace/model_weights/ViT-B-16.pt
2026-09-13 02:25:32,695 INFO Instantiating model architecture: CLIP
2026-09-13 02:25:33,491 INFO Loading full pretrained weights from: rerun_workspace/model_weights/ViT-B-16.pt
2026-09-13 02:25:33,701 INFO Final image preprocessing configuration set: {'size': (224, 224), 'mode': 'RGB', 'mean': (0.48145466, 0.4578275, 0.40821073), 'std': (0.26862954, 0.26130258, 0.27577711), 'interpolation': 'bicubic', 'resize_mode': 'shortest', 'fill_color': 0}
2026-09-13 02:25:33,701 INFO Model ViT-B-16 creation process complete.
2026-09-13 02:25:33,701 INFO Parsing tokenizer identifier. Schema: None, Identifier: ViT-B-16
2026-09-13 02:25:33,702 INFO Attempting to load config from built-in: ViT-B-16
2026-09-13 02:25:33,702 INFO Using default SimpleTokenizer.
2026-09-13 02:26:05,633 INFO Parsing model identifier. Schema: None, Identifier: ViT-B-16
2026-09-13 02:26:05,634 INFO Loaded built-in ViT-B-16 model config.
2026-09-13 02:26:05,634 INFO `pretrained` specifies file path: rerun_workspace/model_weights/ViT-B-16.pt
2026-09-13 02:26:05,634 INFO Instantiating model architecture: CLIP
2026-09-13 02:26:06,423 INFO Loading full pretrained weights from: rerun_workspace/model_weights/ViT-B-16.pt
2026-09-13 02:26:06,625 INFO Final image preprocessing configuration set: {'size': (224, 224), 'mode': 'RGB', 'mean': (0.48145466, 0.4578275, 0.40821073), 'std': (0.26862954, 0.26130258, 0.27577711), 'interpolation': 'bicubic', 'resize_mode': 'shortest', 'fill_color': 0}
2026-09-13 02:26:06,625 INFO Model ViT-B-16 creation process complete.
2026-09-13 02:26:06,625 INFO Parsing tokenizer identifier. Schema: None, Identifier: ViT-B-16
2026-09-13 02:26:06,625 INFO Attempting to load config from built-in: ViT-B-16
2026-09-13 02:26:06,625 INFO Using default SimpleTokenizer.
2026-09-13 02:26:42,059 INFO Parsing model identifier. Schema: None, Identifier: ViT-B-16
2026-09-13 02:26:42,059 INFO Loaded built-in ViT-B-16 model config.
2026-09-13 02:26:42,059 INFO `pretrained` specifies file path: rerun_workspace/model_weights/ViT-B-16.pt
2026-09-13 02:26:42,060 INFO Instantiating model architecture: CLIP
2026-09-13 02:26:42,844 INFO Loading full pretrained weights from: rerun_workspace/model_weights/ViT-B-16.pt
2026-09-13 02:26:43,048 INFO Final image preprocessing configuration set: {'size': (224, 224), 'mode': 'RGB', 'mean': (0.48145466, 0.4578275, 0.40821073), 'std': (0.26862954, 0.26130258, 0.27577711), 'interpolation': 'bicubic', 'resize_mode': 'shortest', 'fill_color': 0}
2026-09-13 02:26:43,048 INFO Model ViT-B-16 creation process complete.
2026-09-13 02:26:43,049 INFO Parsing tokenizer identifier. Schema: None, Identifier: ViT-B-16
2026-09-13 02:26:43,049 INFO Attempting to load config from built-in: ViT-B-16
2026-09-13 02:26:43,049 INFO Using default SimpleTokenizer.
