$ pdflatex -interaction=nonstopmode -halt-on-error main.tex
This is pdfTeX, Version 3.141592653-2.6-1.40.25 (TeX Live 2023/Debian) (preloaded format=pdflatex)
 restricted \write18 enabled.
entering extended mode
(./main.tex
LaTeX2e <2023-11-01> patch level 1
L3 programming layer <2024-01-22>
(/usr/share/texlive/texmf-dist/tex/latex/base/article.cls
Document Class: article 2023/05/17 v1.4n Standard LaTeX document class
(/usr/share/texlive/texmf-dist/tex/latex/base/size10.clo))
(./icassp2027_paperkit.sty)
(/usr/share/texlive/texmf-dist/tex/latex/amsmath/amsmath.sty
For additional information on amsmath, use the `?' option.
(/usr/share/texlive/texmf-dist/tex/latex/amsmath/amstext.sty
(/usr/share/texlive/texmf-dist/tex/latex/amsmath/amsgen.sty))
(/usr/share/texlive/texmf-dist/tex/latex/amsmath/amsbsy.sty)
(/usr/share/texlive/texmf-dist/tex/latex/amsmath/amsopn.sty))
(/usr/share/texlive/texmf-dist/tex/latex/amsfonts/amssymb.sty
(/usr/share/texlive/texmf-dist/tex/latex/amsfonts/amsfonts.sty))
(/usr/share/texlive/texmf-dist/tex/latex/booktabs/booktabs.sty)
(/usr/share/texlive/texmf-dist/tex/latex/graphics/graphicx.sty
(/usr/share/texlive/texmf-dist/tex/latex/graphics/keyval.sty)
(/usr/share/texlive/texmf-dist/tex/latex/graphics/graphics.sty
(/usr/share/texlive/texmf-dist/tex/latex/graphics/trig.sty)
(/usr/share/texlive/texmf-dist/tex/latex/graphics-cfg/graphics.cfg)
(/usr/share/texlive/texmf-dist/tex/latex/graphics-def/pdftex.def)))
(/usr/share/texlive/texmf-dist/tex/latex/microtype/microtype.sty
(/usr/share/texlive/texmf-dist/tex/latex/etoolbox/etoolbox.sty)
(/usr/share/texlive/texmf-dist/tex/latex/microtype/microtype-pdftex.def)
(/usr/share/texlive/texmf-dist/tex/latex/microtype/microtype.cfg))
(/usr/share/texlive/texmf-dist/tex/latex/url/url.sty)
(/usr/share/texlive/texmf-dist/tex/latex/placeins/placeins.sty)
(/usr/share/texlive/texmf-dist/tex/latex/sttools/cuted.sty)
(/usr/share/texlive/texmf-dist/tex/latex/preprint/balance.sty)
(/usr/share/texlive/texmf-dist/tex/latex/base/fontenc.sty
(/usr/share/texlive/texmf-dist/tex/latex/psnfss/t1ptm.fd))
(/usr/share/texlive/texmf-dist/tex/latex/base/textcomp.sty) (./authors.tex)
(/usr/share/texlive/texmf-dist/tex/latex/l3backend/l3backend-pdftex.def)
No file main.aux.
(/usr/share/texlive/texmf-dist/tex/context/base/mkii/supp-pdf.mkii
[Loading MPS to PDF converter (version 2006.09.02).]
) (/usr/share/texlive/texmf-dist/tex/latex/epstopdf-pkg/epstopdf-base.sty
(/usr/share/texlive/texmf-dist/tex/latex/latexconfig/epstopdf-sys.cfg))
(/usr/share/texlive/texmf-dist/tex/latex/microtype/mt-ptm.cfg)
(/usr/share/texlive/texmf-dist/tex/latex/microtype/mt-cmr.cfg)
(/usr/share/texlive/texmf-dist/tex/latex/amsfonts/umsa.fd)
(/usr/share/texlive/texmf-dist/tex/latex/microtype/mt-msa.cfg)
(/usr/share/texlive/texmf-dist/tex/latex/amsfonts/umsb.fd)
(/usr/share/texlive/texmf-dist/tex/latex/microtype/mt-msb.cfg)
(/usr/share/texlive/texmf-dist/tex/latex/psnfss/t1pcr.fd)

LaTeX Warning: Citation `radford2021clip' on page 1 undefined on input line 55.



LaTeX Warning: Citation `agarwal2025cci' on page 1 undefined on input line 57.


LaTeX Warning: Citation `rockafellar2000cvar' on page 1 undefined on input line
 71.


LaTeX Warning: Citation `lin2023cocoa' on page 1 undefined on input line 72.


LaTeX Warning: Citation `williamson2025case' on page 1 undefined on input line 
73.


LaTeX Warning: Citation `wang2023m2ib' on page 1 undefined on input line 77.


LaTeX Warning: Citation `li2023clipsurgery' on page 1 undefined on input line 7
7.


LaTeX Warning: Citation `dreyer2025cliplatent' on page 1 undefined on input lin
e 77.


LaTeX Warning: Citation `li2026cdaclip' on page 1 undefined on input line 78.


LaTeX Warning: Citation `cheng2026mgaclip' on page 1 undefined on input line 78
.


LaTeX Warning: Citation `visser2026contrastiveconcept' on page 1 undefined on i
nput line 78.


LaTeX Warning: Citation `yuksekgonul2023aro' on page 1 undefined on input line 
79.


LaTeX Warning: Citation `ye2026idea' on page 1 undefined on input line 80.



pdfTeX warning: pdflatex (file ./figures/figure1_method_final.pdf): PDF inclusi
on: found PDF version <1.7>, but at most version <1.5> allowed
[1{/var/lib/texmf/fonts/map/pdftex/updmap/pdftex.map}{/usr/share/texlive/texmf-
dist/fonts/enc/dvips/base/8r.enc}]

LaTeX Warning: Reference `eq:repair' on page 2 undefined on input line 164.


LaTeX Warning: Reference `fig:method' on page 2 undefined on input line 168.


LaTeX Warning: Citation `lin2014coco' on page 2 undefined on input line 191.


LaTeX Warning: Citation `everingham2010voc' on page 2 undefined on input line 1
92.


LaTeX Warning: Citation `gomez2022metrics' on page 2 undefined on input line 20
5.


LaTeX Warning: Reference `eq:estimands' on page 2 undefined on input line 209.

[2 <./figures/figure1_method_final.pdf>]

LaTeX Warning: Reference `tab:screens' on page 3 undefined on input line 226.


LaTeX Warning: Reference `tab:baselines' on page 3 undefined on input line 226.



LaTeX Warning: Reference `tab:repair_accounting' on page 3 undefined on input l
ine 226.


LaTeX Warning: Reference `tab:main' on page 3 undefined on input line 227.


LaTeX Warning: Reference `fig:ident' on page 3 undefined on input line 228.


LaTeX Warning: Reference `fig:cases' on page 3 undefined on input line 228.


LaTeX Warning: Reference `tab:screens' on page 3 undefined on input line 261.


Underfull \vbox (badness 3942) has occurred while \output is active

LaTeX Warning: Reference `tab:main' on page 3 undefined on input line 266.


LaTeX Warning: Reference `fig:ident' on page 3 undefined on input line 275.


LaTeX Warning: Reference `tab:baselines' on page 3 undefined on input line 285.


! Missing $ inserted.
<inserted text> 
                $
l.293 
      
!  ==> Fatal error occurred, no output PDF file produced!
Transcript written on main.log.
